Archive member included to satisfy reference by file (symbol)

app/libapp.a(main.c.obj)      (--whole-archive)
zephyr/libzephyr.a(heap.c.obj)
                              (--whole-archive)
zephyr/libzephyr.a(cbprintf_packaged.c.obj)
                              (--whole-archive)
zephyr/libzephyr.a(printk.c.obj)
                              (--whole-archive)
zephyr/libzephyr.a(sem.c.obj)
                              (--whole-archive)
zephyr/libzephyr.a(thread_entry.c.obj)
                              (--whole-archive)
zephyr/libzephyr.a(cbprintf_complete.c.obj)
                              (--whole-archive)
zephyr/libzephyr.a(assert.c.obj)
                              (--whole-archive)
zephyr/libzephyr.a(dec.c.obj)
                              (--whole-archive)
zephyr/libzephyr.a(hex.c.obj)
                              (--whole-archive)
zephyr/libzephyr.a(rb.c.obj)  (--whole-archive)
zephyr/libzephyr.a(timeutil.c.obj)
                              (--whole-archive)
zephyr/libzephyr.a(bitarray.c.obj)
                              (--whole-archive)
zephyr/libzephyr.a(ring_buffer.c.obj)
                              (--whole-archive)
zephyr/libzephyr.a(configs.c.obj)
                              (--whole-archive)
zephyr/libzephyr.a(soc.c.obj)
                              (--whole-archive)
zephyr/libzephyr.a(tracing_none.c.obj)
                              (--whole-archive)
zephyr/arch/common/libarch__common.a(sw_isr_common.c.obj)
                              (--whole-archive)
zephyr/arch/arch/arm/core/libarch__arm__core.a(fatal.c.obj)
                              (--whole-archive)
zephyr/arch/arch/arm/core/libarch__arm__core.a(nmi.c.obj)
                              (--whole-archive)
zephyr/arch/arch/arm/core/libarch__arm__core.a(nmi_on_reset.S.obj)
                              (--whole-archive)
zephyr/arch/arch/arm/core/libarch__arm__core.a(tls.c.obj)
                              (--whole-archive)
zephyr/arch/arch/arm/core/cortex_m/libarch__arm__core__cortex_m.a(exc_exit.c.obj)
                              (--whole-archive)
zephyr/arch/arch/arm/core/cortex_m/libarch__arm__core__cortex_m.a(fault.c.obj)
                              (--whole-archive)
zephyr/arch/arch/arm/core/cortex_m/libarch__arm__core__cortex_m.a(fault_s.S.obj)
                              (--whole-archive)
zephyr/arch/arch/arm/core/cortex_m/libarch__arm__core__cortex_m.a(fpu.c.obj)
                              (--whole-archive)
zephyr/arch/arch/arm/core/cortex_m/libarch__arm__core__cortex_m.a(reset.S.obj)
                              (--whole-archive)
zephyr/arch/arch/arm/core/cortex_m/libarch__arm__core__cortex_m.a(scb.c.obj)
                              (--whole-archive)
zephyr/arch/arch/arm/core/cortex_m/libarch__arm__core__cortex_m.a(thread_abort.c.obj)
                              (--whole-archive)
zephyr/arch/arch/arm/core/cortex_m/libarch__arm__core__cortex_m.a(vector_table.S.obj)
                              (--whole-archive)
zephyr/arch/arch/arm/core/cortex_m/libarch__arm__core__cortex_m.a(swap_helper.S.obj)
                              (--whole-archive)
zephyr/arch/arch/arm/core/cortex_m/libarch__arm__core__cortex_m.a(irq_manage.c.obj)
                              (--whole-archive)
zephyr/arch/arch/arm/core/cortex_m/libarch__arm__core__cortex_m.a(prep_c.c.obj)
                              (--whole-archive)
zephyr/arch/arch/arm/core/cortex_m/libarch__arm__core__cortex_m.a(thread.c.obj)
                              (--whole-archive)
zephyr/arch/arch/arm/core/cortex_m/libarch__arm__core__cortex_m.a(cpu_idle.c.obj)
                              (--whole-archive)
zephyr/arch/arch/arm/core/cortex_m/libarch__arm__core__cortex_m.a(irq_init.c.obj)
                              (--whole-archive)
zephyr/arch/arch/arm/core/cortex_m/libarch__arm__core__cortex_m.a(isr_wrapper.c.obj)
                              (--whole-archive)
zephyr/arch/arch/arm/core/cortex_m/libarch__arm__core__cortex_m.a(__aeabi_read_tp.S.obj)
                              (--whole-archive)
zephyr/lib/libc/picolibc/liblib__libc__picolibc.a(assert.c.obj)
                              (--whole-archive)
zephyr/lib/libc/picolibc/liblib__libc__picolibc.a(cbprintf.c.obj)
                              (--whole-archive)
zephyr/lib/libc/picolibc/liblib__libc__picolibc.a(chk_fail.c.obj)
                              (--whole-archive)
zephyr/lib/libc/picolibc/liblib__libc__picolibc.a(errno_wrap.c.obj)
                              (--whole-archive)
zephyr/lib/libc/picolibc/liblib__libc__picolibc.a(exit.c.obj)
                              (--whole-archive)
zephyr/lib/libc/picolibc/liblib__libc__picolibc.a(locks.c.obj)
                              (--whole-archive)
zephyr/lib/libc/picolibc/liblib__libc__picolibc.a(stdio.c.obj)
                              (--whole-archive)
zephyr/lib/libc/common/liblib__libc__common.a(abort.c.obj)
                              (--whole-archive)
zephyr/lib/libc/common/liblib__libc__common.a(malloc.c.obj)
[...]
Memory Configuration

Name             Origin             Length             Attributes
BOOT_FLASH       0x0000000010000000 0x0000000000000100 r
FLASH            0x0000000010000100 0x00000000001fff00 xr
RAM              0x0000000020000000 0x0000000000042000 xw
IDT_LIST         0x00000000ffff7fff 0x0000000000008000 xw
*default*        0x0000000000000000 0xffffffffffffffff

Linker script and memory map

                0x000000001000287c                vfprintf = __l_vfprintf
                0x0000000000000000                vfscanf = __l_vfscanf
LOAD zephyr/CMakeFiles/zephyr_final.dir/misc/empty_file.c.obj
LOAD zephyr/CMakeFiles/zephyr_final.dir/isr_tables.c.obj
LOAD zephyr/CMakeFiles/offsets.dir/./arch/arm/core/offsets/offsets.c.obj
LOAD app/libapp.a
LOAD zephyr/libzephyr.a
LOAD zephyr/arch/common/libarch__common.a
LOAD zephyr/arch/arch/arm/core/libarch__arm__core.a
LOAD zephyr/arch/arch/arm/core/cortex_m/libarch__arm__core__cortex_m.a
LOAD zephyr/lib/libc/picolibc/liblib__libc__picolibc.a
LOAD zephyr/lib/libc/common/liblib__libc__common.a
LOAD zephyr/drivers/clock_control/libdrivers__clock_control.a
LOAD zephyr/drivers/console/libdrivers__console.a
LOAD zephyr/drivers/gpio/libdrivers__gpio.a
LOAD zephyr/drivers/pinctrl/libdrivers__pinctrl.a
LOAD zephyr/drivers/reset/libdrivers__reset.a
LOAD zephyr/drivers/serial/libdrivers__serial.a
LOAD zephyr/drivers/timer/libdrivers__timer.a
LOAD modules/hal_rpi_pico/libmodules__hal_rpi_pico.a
LOAD zephyr/kernel/libkernel.a
LOAD zephyr/arch/common/libisr_tables.a
LOAD c:\users\upill\zephyr-sdk-0.17.0\arm-zephyr-eabi\bin\../lib/gcc/../../picolibc/arm-zephyr-eabi/lib/thumb/v6-m/nofp\libc.a
LOAD c:/users/upill/zephyr-sdk-0.17.0/arm-zephyr-eabi/bin/../lib/gcc/arm-zephyr-eabi/12.2.0/thumb/v6-m/nofp\libgcc.a

.boot2          0x0000000010000000      0x100
 *(SORT_BY_ALIGNMENT(.boot2))
 .boot2         0x0000000010000000      0x100 modules/hal_rpi_pico/libmodules__hal_rpi_pico.a(boot_stage2.S.obj)
                0x0000000000000004                _region_min_align = 0x4

.rel.plt        0x0000000010000100        0x0
 *(SORT_BY_ALIGNMENT(.rel.plt))
                [!provide]                        PROVIDE (__rel_iplt_start = .)
 *(SORT_BY_ALIGNMENT(.rel.iplt))
 .rel.iplt      0x0000000010000100        0x0 zephyr/CMakeFiles/zephyr_final.dir/isr_tables.c.obj
                [!provide]                        PROVIDE (__rel_iplt_end = .)

.rela.plt       0x0000000010000100        0x0
 *(SORT_BY_ALIGNMENT(.rela.plt))
                [!provide]                        PROVIDE (__rela_iplt_start = .)
 *(SORT_BY_ALIGNMENT(.rela.iplt))
                [!provide]                        PROVIDE (__rela_iplt_end = .)

.rel.dyn
 *(SORT_BY_ALIGNMENT(.rel.*))

.rela.dyn
 *(SORT_BY_ALIGNMENT(.rela.*))

/DISCARD/
 *(SORT_BY_ALIGNMENT(.plt))

/DISCARD/
 *(SORT_BY_ALIGNMENT(.iplt))
                0x0000000010000100                __rom_region_start = 0x10000100

rom_start       0x0000000010000100       0xa8
                0x0000000010000100                __rom_start_address = .
 FILL mask 0x00
                0x0000000010000100                . = (. + (0x0 - (. - __rom_start_address)))
                0x0000000010000100                . = ALIGN (0x4)
                0x0000000010000100                . = ALIGN (0x100)
                0x0000000010000100                . = ALIGN (0x100)
                0x0000000010000100                _vector_start = .
 *(SORT_BY_ALIGNMENT(.exc_vector_table))
 *(SORT_BY_ALIGNMENT(.exc_vector_table.*))
 .exc_vector_table._vector_table_section
                0x0000000010000100       0x40 zephyr/arch/arch/arm/core/cortex_m/libarch__arm__core__cortex_m.a(vector_table.S.obj)
                0x0000000010000100                _vector_table
 *(SORT_BY_ALIGNMENT(.vectors))
                0x00000000100001a8                _vector_end = .
                0x0000000010000140                . = ALIGN (0x4)
 *(SORT_BY_ALIGNMENT(.gnu.linkonce.irq_vector_table*))
 .gnu.linkonce.irq_vector_table
                0x0000000010000140       0x68 zephyr/CMakeFiles/zephyr_final.dir/isr_tables.c.obj
                0x0000000010000140                _irq_vector_table
                0x00000000100001a8                _vector_end = .

text            0x00000000100001a8     0x37d4
                0x00000000100001a8                __text_region_start = .
 *(SORT_BY_ALIGNMENT(.text))
 .text          0x00000000100001a8       0x14 c:/users/upill/zephyr-sdk-0.17.0/arm-zephyr-eabi/bin/../lib/gcc/arm-zephyr-eabi/12.2.0/thumb/v6-m/nofp\libgcc.a(_thumb1_case_uqi.o)
                0x00000000100001a8                __gnu_thumb1_case_uqi
 .text          0x00000000100001bc       0x8c c:/users/upill/zephyr-sdk-0.17.0/arm-zephyr-eabi/bin/../lib/gcc/arm-zephyr-eabi/12.2.0/thumb/v6-m/nofp\libgcc.a(_udivsi3.o)
                0x00000000100001bc                __aeabi_uidiv
                0x00000000100001bc                __udivsi3
                0x0000000010000234                __aeabi_uidivmod
 .text          0x0000000010000248        0x4 c:/users/upill/zephyr-sdk-0.17.0/arm-zephyr-eabi/bin/../lib/gcc/arm-zephyr-eabi/12.2.0/thumb/v6-m/nofp\libgcc.a(_dvmd_tls.o)
                0x0000000010000248                __aeabi_idiv0
                0x0000000010000248                __aeabi_ldiv0
 .text          0x000000001000024c       0x18 c:/users/upill/zephyr-sdk-0.17.0/arm-zephyr-eabi/bin/../lib/gcc/arm-zephyr-eabi/12.2.0/thumb/v6-m/nofp\libgcc.a(_lshrdi3.o)
                0x000000001000024c                __lshrdi3
                0x000000001000024c                __aeabi_llsr
 .text          0x0000000010000264       0x3c c:/users/upill/zephyr-sdk-0.17.0/arm-zephyr-eabi/bin/../lib/gcc/arm-zephyr-eabi/12.2.0/thumb/v6-m/nofp\libgcc.a(_clzsi2.o)
                0x0000000010000264                __clzsi2
 .text          0x00000000100002a0       0x40 c:/users/upill/zephyr-sdk-0.17.0/arm-zephyr-eabi/bin/../lib/gcc/arm-zephyr-eabi/12.2.0/thumb/v6-m/nofp\libgcc.a(_aeabi_uldivmod.o)
                0x00000000100002a0                __aeabi_uldivmod
 .text          0x00000000100002e0      0x2e8 c:/users/upill/zephyr-sdk-0.17.0/arm-zephyr-eabi/bin/../lib/gcc/arm-zephyr-eabi/12.2.0/thumb/v6-m/nofp\libgcc.a(addsf3.o)
                0x00000000100002e0                __aeabi_fadd
 .text          0x00000000100005c8      0x1c4 c:/users/upill/zephyr-sdk-0.17.0/arm-zephyr-eabi/bin/../lib/gcc/arm-zephyr-eabi/12.2.0/thumb/v6-m/nofp\libgcc.a(divsf3.o)
                0x00000000100005c8                __aeabi_fdiv
 .text          0x000000001000078c      0x1ec c:/users/upill/zephyr-sdk-0.17.0/arm-zephyr-eabi/bin/../lib/gcc/arm-zephyr-eabi/12.2.0/thumb/v6-m/nofp\libgcc.a(mulsf3.o)
                0x000000001000078c                __aeabi_fmul
 .text          0x0000000010000978       0x3c c:/users/upill/zephyr-sdk-0.17.0/arm-zephyr-eabi/bin/../lib/gcc/arm-zephyr-eabi/12.2.0/thumb/v6-m/nofp\libgcc.a(fixsfsi.o)
                0x0000000010000978                __aeabi_f2iz
 .text          0x00000000100009b4       0x78 c:/users/upill/zephyr-sdk-0.17.0/arm-zephyr-eabi/bin/../lib/gcc/arm-zephyr-eabi/12.2.0/thumb/v6-m/nofp\libgcc.a(floatunsisf.o)
                0x00000000100009b4                __aeabi_ui2f
 .text          0x0000000010000a2c       0x18 c:/users/upill/zephyr-sdk-0.17.0/arm-zephyr-eabi/bin/../lib/gcc/arm-zephyr-eabi/12.2.0/thumb/v6-m/nofp\libgcc.a(_ashldi3.o)
                0x0000000010000a2c                __aeabi_llsl
                0x0000000010000a2c                __ashldi3
 .text          0x0000000010000a44       0x18 c:/users/upill/zephyr-sdk-0.17.0/arm-zephyr-eabi/bin/../lib/gcc/arm-zephyr-eabi/12.2.0/thumb/v6-m/nofp\libgcc.a(_clzdi2.o)
                0x0000000010000a44                __clzdi2
 .text          0x0000000010000a5c       0x44 c:/users/upill/zephyr-sdk-0.17.0/arm-zephyr-eabi/bin/../lib/gcc/arm-zephyr-eabi/12.2.0/thumb/v6-m/nofp\libgcc.a(_muldi3.o)
                0x0000000010000a5c                __muldi3
                0x0000000010000a5c                __aeabi_lmul
 .text          0x0000000010000aa0       0xde c:/users/upill/zephyr-sdk-0.17.0/arm-zephyr-eabi/bin/../lib/gcc/arm-zephyr-eabi/12.2.0/thumb/v6-m/nofp\libgcc.a(_udivmoddi4.o)
                0x0000000010000aa0                __udivmoddi4
 *(SORT_BY_ALIGNMENT(.text.*))
 *fill*         0x0000000010000b7e        0x2 
 .text.blinky_task
                0x0000000010000b80       0x40 app/libapp.a(main.c.obj)
                0x0000000010000b80                blinky_task
 .text.main     0x0000000010000bc0       0x70 app/libapp.a(main.c.obj)
                0x0000000010000bc0                main
 .text.char_out
                0x0000000010000c30       0x10 zephyr/libzephyr.a(printk.c.obj)
 .text.__printk_hook_install
                0x0000000010000c40        0xc zephyr/libzephyr.a(printk.c.obj)
                0x0000000010000c40                __printk_hook_install
 .text.vprintk  0x0000000010000c4c       0x30 zephyr/libzephyr.a(printk.c.obj)
                0x0000000010000c4c                vprintk
 .text.z_thread_entry
                0x0000000010000c7c       0x30 zephyr/libzephyr.a(thread_entry.c.obj)
                0x0000000010000c7c                z_thread_entry
 .text.z_SysNmiOnReset
                0x0000000010000cac        0x4 zephyr/arch/arch/arm/core/libarch__arm__core.a(nmi_on_reset.S.obj)
                0x0000000010000cac                z_SysNmiOnReset
 .text.arch_tls_stack_setup
                0x0000000010000cb0       0x38 zephyr/arch/arch/arm/core/libarch__arm__core.a(tls.c.obj)
                0x0000000010000cb0                arch_tls_stack_setup
 .text._HandlerModeExit
                0x0000000010000ce8       0x28 zephyr/arch/arch/arm/core/cortex_m/libarch__arm__core__cortex_m.a(exc_exit.c.obj)
                0x0000000010000ce8                z_arm_int_exit
                0x0000000010000ce8                z_arm_exc_exit
 .text.z_arm_fault
                0x0000000010000d10       0xa8 zephyr/arch/arch/arm/core/cortex_m/libarch__arm__core__cortex_m.a(fault.c.obj)
                0x0000000010000d10                z_arm_fault
 .text.z_arm_fault_init
                0x0000000010000db8       0x10 zephyr/arch/arch/arm/core/cortex_m/libarch__arm__core__cortex_m.a(fault.c.obj)
                0x0000000010000db8                z_arm_fault_init
 .text.__fault  0x0000000010000dc8       0x14 zephyr/arch/arch/arm/core/cortex_m/libarch__arm__core__cortex_m.a(fault_s.S.obj)
                0x0000000010000dc8                z_arm_hard_fault
                0x0000000010000dc8                z_arm_exc_spurious
 .text._reset_section
                0x0000000010000ddc       0x28 zephyr/arch/arch/arm/core/cortex_m/libarch__arm__core__cortex_m.a(reset.S.obj)
                0x0000000010000ddc                __start
                0x0000000010000ddc                z_arm_reset
 .text.z_impl_k_thread_abort
                0x0000000010000e04       0x38 zephyr/arch/arch/arm/core/cortex_m/libarch__arm__core__cortex_m.a(thread_abort.c.obj)
                0x0000000010000e04                z_impl_k_thread_abort
 .text.z_arm_pendsv
                0x0000000010000e3c       0x70 zephyr/arch/arch/arm/core/cortex_m/libarch__arm__core__cortex_m.a(swap_helper.S.obj)
                0x0000000010000e3c                z_arm_pendsv
 .text.z_arm_svc
                0x0000000010000eac       0x28 zephyr/arch/arch/arm/core/cortex_m/libarch__arm__core__cortex_m.a(swap_helper.S.obj)
                0x0000000010000eac                z_arm_svc
 .text.arch_irq_enable
                0x0000000010000ed4       0x18 zephyr/arch/arch/arm/core/cortex_m/libarch__arm__core__cortex_m.a(irq_manage.c.obj)
                0x0000000010000ed4                arch_irq_enable
 .text.z_arm_irq_priority_set
                0x0000000010000eec       0x54 zephyr/arch/arch/arm/core/cortex_m/libarch__arm__core__cortex_m.a(irq_manage.c.obj)
                0x0000000010000eec                z_arm_irq_priority_set
 .text.z_prep_c
                0x0000000010000f40       0x2c zephyr/arch/arch/arm/core/cortex_m/libarch__arm__core__cortex_m.a(prep_c.c.obj)
                0x0000000010000f40                z_prep_c
 .text.arch_new_thread
                0x0000000010000f6c       0x2c zephyr/arch/arch/arm/core/cortex_m/libarch__arm__core__cortex_m.a(thread.c.obj)
                0x0000000010000f6c                arch_new_thread
 .text.arch_switch_to_main_thread
                0x0000000010000f98       0x38 zephyr/arch/arch/arm/core/cortex_m/libarch__arm__core__cortex_m.a(thread.c.obj)
                0x0000000010000f98                arch_switch_to_main_thread
 .text.z_arm_cpu_idle_init
                0x0000000010000fd0        0xc zephyr/arch/arch/arm/core/cortex_m/libarch__arm__core__cortex_m.a(cpu_idle.c.obj)
                0x0000000010000fd0                z_arm_cpu_idle_init
 .text.z_arm_interrupt_init
                0x0000000010000fdc       0x30 zephyr/arch/arch/arm/core/cortex_m/libarch__arm__core__cortex_m.a(irq_init.c.obj)
                0x0000000010000fdc                z_arm_interrupt_init
 .text._isr_wrapper
                0x000000001000100c       0x20 zephyr/arch/arch/arm/core/cortex_m/libarch__arm__core__cortex_m.a(isr_wrapper.c.obj)
                0x000000001000100c                _isr_wrapper
 .text.z_impl_zephyr_fputc
                0x000000001000102c       0x10 zephyr/lib/libc/picolibc/liblib__libc__picolibc.a(stdio.c.obj)
                0x000000001000102c                z_impl_zephyr_fputc
 .text.__stdout_hook_install
                0x000000001000103c       0x18 zephyr/lib/libc/picolibc/liblib__libc__picolibc.a(stdio.c.obj)
                0x000000001000103c                __stdout_hook_install
 .text.malloc_prepare
                0x0000000010001054       0x24 zephyr/lib/libc/common/liblib__libc__common.a(malloc.c.obj)
 .text.clock_control_rpi_pico_on
                0x0000000010001078       0x40 zephyr/drivers/clock_control/libdrivers__clock_control.a(clock_control_rpi_pico.c.obj)
 .text.clock_control_rpi_pico_off
                0x00000000100010b8       0x40 zephyr/drivers/clock_control/libdrivers__clock_control.a(clock_control_rpi_pico.c.obj)
 .text.rpi_pico_rosc_write.constprop.0
                0x00000000100010f8       0x30 zephyr/drivers/clock_control/libdrivers__clock_control.a(clock_control_rpi_pico.c.obj)
 .text.rpi_pico_get_clock_src.isra.0
                0x0000000010001128       0x9c zephyr/drivers/clock_control/libdrivers__clock_control.a(clock_control_rpi_pico.c.obj)
 .text.rpi_pico_calc_clock_freq
                0x00000000100011c4      0x104 zephyr/drivers/clock_control/libdrivers__clock_control.a(clock_control_rpi_pico.c.obj)
 .text.clock_control_rpi_pico_init
                0x00000000100012c8      0x1c4 zephyr/drivers/clock_control/libdrivers__clock_control.a(clock_control_rpi_pico.c.obj)
 .text.uart_console_init
                0x000000001000148c       0x2c zephyr/drivers/console/libdrivers__console.a(uart_console.c.obj)
 .text.console_out
                0x00000000100014b8       0x28 zephyr/drivers/console/libdrivers__console.a(uart_console.c.obj)
 .text.gpio_rpi_isr
                0x00000000100014e0       0x64 zephyr/drivers/gpio/libdrivers__gpio.a(gpio_rpi_pico.c.obj)
 .text.pl011_irq_err_disable
                0x0000000010001544       0x14 zephyr/drivers/serial/libdrivers__serial.a(uart_pl011.c.obj)
 .text.pl011_runtime_configure_internal
                0x0000000010001558      0x160 zephyr/drivers/serial/libdrivers__serial.a(uart_pl011.c.obj)
 .text.pl011_init
                0x00000000100016b8      0x120 zephyr/drivers/serial/libdrivers__serial.a(uart_pl011.c.obj)
 .text.elapsed  0x00000000100017d8       0x54 zephyr/drivers/timer/libdrivers__timer.a(cortex_m_systick.c.obj)
 .text.sys_clock_driver_init
                0x000000001000182c       0x40 zephyr/drivers/timer/libdrivers__timer.a(cortex_m_systick.c.obj)
 .text.sys_clock_isr
                0x000000001000186c       0x58 zephyr/drivers/timer/libdrivers__timer.a(cortex_m_systick.c.obj)
                0x000000001000186c                sys_clock_isr
 .text.sys_clock_set_timeout
                0x00000000100018c4      0x118 zephyr/drivers/timer/libdrivers__timer.a(cortex_m_systick.c.obj)
                0x00000000100018c4                sys_clock_set_timeout
 .text.sys_clock_elapsed
                0x00000000100019dc       0x38 zephyr/drivers/timer/libdrivers__timer.a(cortex_m_systick.c.obj)
                0x00000000100019dc                sys_clock_elapsed
 .text.clock_configure_internal
                0x0000000010001a14       0xbc modules/hal_rpi_pico/libmodules__hal_rpi_pico.a(clocks.c.obj)
 .text.pll_init
                0x0000000010001ad0       0xcc modules/hal_rpi_pico/libmodules__hal_rpi_pico.a(pll.c.obj)
                0x0000000010001ad0                pll_init
 .text.xosc_init
                0x0000000010001b9c       0x28 modules/hal_rpi_pico/libmodules__hal_rpi_pico.a(xosc.c.obj)
                0x0000000010001b9c                xosc_init
 .text.tick_start
                0x0000000010001bc4       0x10 modules/hal_rpi_pico/libmodules__hal_rpi_pico.a(ticks.c.obj)
                0x0000000010001bc4                tick_start
 .text.gpio_set_function
                0x0000000010001bd4       0x30 modules/hal_rpi_pico/libmodules__hal_rpi_pico.a(gpio.c.obj)
                0x0000000010001bd4                gpio_set_function
 .text.gpio_set_pulls
                0x0000000010001c04       0x24 modules/hal_rpi_pico/libmodules__hal_rpi_pico.a(gpio.c.obj)
                0x0000000010001c04                gpio_set_pulls
 .text.gpio_set_oeover
                0x0000000010001c28       0x24 modules/hal_rpi_pico/libmodules__hal_rpi_pico.a(gpio.c.obj)
                0x0000000010001c28                gpio_set_oeover
 .text.gpio_set_input_hysteresis_enabled
                0x0000000010001c4c       0x1c modules/hal_rpi_pico/libmodules__hal_rpi_pico.a(gpio.c.obj)
                0x0000000010001c4c                gpio_set_input_hysteresis_enabled
 .text.gpio_set_slew_rate
                0x0000000010001c68       0x20 modules/hal_rpi_pico/libmodules__hal_rpi_pico.a(gpio.c.obj)
                0x0000000010001c68                gpio_set_slew_rate
 .text.gpio_set_drive_strength
                0x0000000010001c88       0x20 modules/hal_rpi_pico/libmodules__hal_rpi_pico.a(gpio.c.obj)
                0x0000000010001c88                gpio_set_drive_strength
 .text.gpio_acknowledge_irq
                0x0000000010001ca8       0x18 modules/hal_rpi_pico/libmodules__hal_rpi_pico.a(gpio.c.obj)
                0x0000000010001ca8                gpio_acknowledge_irq
 .text.gpio_set_irq_enabled
                0x0000000010001cc0       0x44 modules/hal_rpi_pico/libmodules__hal_rpi_pico.a(gpio.c.obj)
                0x0000000010001cc0                gpio_set_irq_enabled
 .text.gpio_set_input_enabled
                0x0000000010001d04       0x1c modules/hal_rpi_pico/libmodules__hal_rpi_pico.a(gpio.c.obj)
                0x0000000010001d04                gpio_set_input_enabled
 .text.z_fatal_error
                0x0000000010001d20       0x28 zephyr/kernel/libkernel.a(fatal.c.obj)
                0x0000000010001d20                z_fatal_error
 .text.z_sys_init_run_level
                0x0000000010001d48       0x30 zephyr/kernel/libkernel.a(init.c.obj)
 .text.bg_thread_main
                0x0000000010001d78       0xac zephyr/kernel/libkernel.a(init.c.obj)
 .text.z_bss_zero
                0x0000000010001e24       0x18 zephyr/kernel/libkernel.a(init.c.obj)
                0x0000000010001e24                z_bss_zero
 .text.z_init_cpu
                0x0000000010001e3c       0x68 zephyr/kernel/libkernel.a(init.c.obj)
                0x0000000010001e3c                z_init_cpu
 .text.z_cstart
                0x0000000010001ea4       0xb0 zephyr/kernel/libkernel.a(init.c.obj)
                0x0000000010001ea4                z_cstart
 .text.z_setup_new_thread
                0x0000000010001f54       0x74 zephyr/kernel/libkernel.a(thread.c.obj)
                0x0000000010001f54                z_setup_new_thread
 .text.z_dummy_thread_init
                0x0000000010001fc8       0x14 zephyr/kernel/libkernel.a(thread.c.obj)
                0x0000000010001fc8                z_dummy_thread_init
 .text.z_swap_irqlock
                0x0000000010001fdc       0x2c zephyr/kernel/libkernel.a(sched.c.obj)
 .text.ready_thread
                0x0000000010002008       0x8c zephyr/kernel/libkernel.a(sched.c.obj)
 .text.unready_thread
                0x0000000010002094       0x58 zephyr/kernel/libkernel.a(sched.c.obj)
 .text.move_thread_to_end_of_prio_q
                0x00000000100020ec       0x98 zephyr/kernel/libkernel.a(sched.c.obj)
                0x00000000100020ec                move_thread_to_end_of_prio_q
 .text.z_reschedule
                0x0000000010002184       0x2c zephyr/kernel/libkernel.a(sched.c.obj)
                0x0000000010002184                z_reschedule
 .text.z_reschedule_irqlock
                0x00000000100021b0       0x2c zephyr/kernel/libkernel.a(sched.c.obj)
                0x00000000100021b0                z_reschedule_irqlock
 .text.k_sched_lock
                0x00000000100021dc       0x20 zephyr/kernel/libkernel.a(sched.c.obj)
                0x00000000100021dc                k_sched_lock
 .text.k_sched_unlock
                0x00000000100021fc       0x60 zephyr/kernel/libkernel.a(sched.c.obj)
                0x00000000100021fc                k_sched_unlock
 .text.z_sched_init
                0x000000001000225c       0x14 zephyr/kernel/libkernel.a(sched.c.obj)
                0x000000001000225c                z_sched_init
 .text.z_impl_k_yield
                0x0000000010002270       0x84 zephyr/kernel/libkernel.a(sched.c.obj)
                0x0000000010002270                z_impl_k_yield
 .text.z_tick_sleep
                0x00000000100022f4       0x7c zephyr/kernel/libkernel.a(sched.c.obj)
 .text.z_impl_k_wakeup
                0x0000000010002370       0x44 zephyr/kernel/libkernel.a(sched.c.obj)
                0x0000000010002370                z_impl_k_wakeup
 .text.z_impl_k_sched_current_thread_query
                0x00000000100023b4        0xc zephyr/kernel/libkernel.a(sched.c.obj)
                0x00000000100023b4                z_impl_k_sched_current_thread_query
 .text.z_thread_abort
                0x00000000100023c0       0xf8 zephyr/kernel/libkernel.a(sched.c.obj)
                0x00000000100023c0                z_thread_abort
 .text.slice_timeout
                0x00000000100024b8       0x20 zephyr/kernel/libkernel.a(timeslicing.c.obj)
 .text.thread_is_sliceable
                0x00000000100024d8       0x40 zephyr/kernel/libkernel.a(timeslicing.c.obj)
                0x00000000100024d8                thread_is_sliceable
 .text.z_reset_time_slice
                0x0000000010002518       0x4c zephyr/kernel/libkernel.a(timeslicing.c.obj)
                0x0000000010002518                z_reset_time_slice
 .text.z_time_slice
                0x0000000010002564       0x58 zephyr/kernel/libkernel.a(timeslicing.c.obj)
                0x0000000010002564                z_time_slice
 .text.z_data_copy
                0x00000000100025bc       0x34 zephyr/kernel/libkernel.a(xip.c.obj)
                0x00000000100025bc                z_data_copy
 .text.first    0x00000000100025f0       0x10 zephyr/kernel/libkernel.a(timeout.c.obj)
 .text.elapsed  0x0000000010002600       0x18 zephyr/kernel/libkernel.a(timeout.c.obj)
 .text.next_timeout
                0x0000000010002618       0x3c zephyr/kernel/libkernel.a(timeout.c.obj)
 .text.remove_timeout
                0x0000000010002654       0x38 zephyr/kernel/libkernel.a(timeout.c.obj)
 .text.z_add_timeout
                0x000000001000268c       0xe4 zephyr/kernel/libkernel.a(timeout.c.obj)
                0x000000001000268c                z_add_timeout
 .text.sys_clock_announce
                0x0000000010002770       0xd0 zephyr/kernel/libkernel.a(timeout.c.obj)
                0x0000000010002770                sys_clock_announce
 .text.sys_clock_tick_get
                0x0000000010002840       0x2c zephyr/kernel/libkernel.a(timeout.c.obj)
                0x0000000010002840                sys_clock_tick_get
 .text.boot_banner
                0x000000001000286c       0x10 zephyr/kernel/libkernel.a(banner.c.obj)
                0x000000001000286c                boot_banner
 .text.__l_vfprintf
                0x000000001000287c      0x4d0 c:\users\upill\zephyr-sdk-0.17.0\arm-zephyr-eabi\bin\../lib/gcc/../../picolibc/arm-zephyr-eabi/lib/thumb/v6-m/nofp\libc.a(libc_tinystdio_vflprintf.c.o)
                0x000000001000287c                __l_vfprintf
 .text._OffsetAbsSyms
                0x0000000010002d4c        0x2 zephyr/CMakeFiles/offsets.dir/./arch/arm/core/offsets/offsets.c.obj
                0x0000000010002d4c                _OffsetAbsSyms
 .text.chunk_field
                0x0000000010002d4e       0x1a zephyr/libzephyr.a(heap.c.obj)
 .text.chunk_set
                0x0000000010002d68       0x1c zephyr/libzephyr.a(heap.c.obj)
 .text.chunk_size
                0x0000000010002d84        0xc zephyr/libzephyr.a(heap.c.obj)
 .text.set_chunk_used
                0x0000000010002d90       0x36 zephyr/libzephyr.a(heap.c.obj)
 .text.set_chunk_size
                0x0000000010002dc6        0xc zephyr/libzephyr.a(heap.c.obj)
 .text.bucket_idx.isra.0
                0x0000000010002dd2       0x20 zephyr/libzephyr.a(heap.c.obj)
 .text.free_list_add
                0x0000000010002df2       0x88 zephyr/libzephyr.a(heap.c.obj)
 .text.sys_heap_init
                0x0000000010002e7a       0xac zephyr/libzephyr.a(heap.c.obj)
                0x0000000010002e7a                sys_heap_init
 .text.arch_printk_char_out
                0x0000000010002f26        0x4 zephyr/libzephyr.a(printk.c.obj)
                0x0000000010002f26                arch_printk_char_out
 .text.printk   0x0000000010002f2a       0x16 zephyr/libzephyr.a(printk.c.obj)
                0x0000000010002f2a                printk
 .text._ConfigAbsSyms
                0x0000000010002f40        0x2 zephyr/libzephyr.a(configs.c.obj)
                0x0000000010002f40                _ConfigAbsSyms
 .text.z_arm_fatal_error
                0x0000000010002f42       0x10 zephyr/arch/arch/arm/core/libarch__arm__core.a(fatal.c.obj)
                0x0000000010002f42                z_arm_fatal_error
 .text.z_do_kernel_oops
                0x0000000010002f52        0xc zephyr/arch/arch/arm/core/libarch__arm__core.a(fatal.c.obj)
                0x0000000010002f52                z_do_kernel_oops
 .text.z_arm_nmi
                0x0000000010002f5e        0xc zephyr/arch/arch/arm/core/libarch__arm__core.a(nmi.c.obj)
                0x0000000010002f5e                z_arm_nmi
 .text.z_irq_spurious
                0x0000000010002f6a        0xc zephyr/arch/arch/arm/core/cortex_m/libarch__arm__core__cortex_m.a(irq_manage.c.obj)
                0x0000000010002f6a                z_irq_spurious
 .text.arch_irq_unlock_outlined
                0x0000000010002f76        0xc zephyr/arch/arch/arm/core/cortex_m/libarch__arm__core__cortex_m.a(thread.c.obj)
                0x0000000010002f76                arch_irq_unlock_outlined
 .text.arch_cpu_idle
                0x0000000010002f82        0xe zephyr/arch/arch/arm/core/cortex_m/libarch__arm__core__cortex_m.a(cpu_idle.c.obj)
                0x0000000010002f82                arch_cpu_idle
 .text.__assert_no_args
                0x0000000010002f90        0x0 zephyr/lib/libc/picolibc/liblib__libc__picolibc.a(assert.c.obj)
                0x0000000010002f90                __assert_no_args
 .text.picolibc_put
                0x0000000010002f90        0xa zephyr/lib/libc/picolibc/liblib__libc__picolibc.a(stdio.c.obj)
 .text.rpi_pico_is_clock_enabled.isra.0
                0x0000000010002f9a       0x5e zephyr/drivers/clock_control/libdrivers__clock_control.a(clock_control_rpi_pico.c.obj)
 .text.clock_control_rpi_pico_get_status
                0x0000000010002ff8       0x18 zephyr/drivers/clock_control/libdrivers__clock_control.a(clock_control_rpi_pico.c.obj)
 .text.clock_control_rpi_pico_get_rate
                0x0000000010003010       0x1e zephyr/drivers/clock_control/libdrivers__clock_control.a(clock_control_rpi_pico.c.obj)
 .text.rpi_pico_clkid_tuple_reorder_by_dependencies
                0x000000001000302e       0x66 zephyr/drivers/clock_control/libdrivers__clock_control.a(clock_control_rpi_pico.c.obj)
                0x000000001000302e                rpi_pico_clkid_tuple_reorder_by_dependencies
 .text.gpio_rpi_port_get_raw
                0x0000000010003094        0xc zephyr/drivers/gpio/libdrivers__gpio.a(gpio_rpi_pico.c.obj)
 .text.gpio_rpi_port_set_bits_raw
                0x00000000100030a0       0x2c zephyr/drivers/gpio/libdrivers__gpio.a(gpio_rpi_pico.c.obj)
 .text.gpio_rpi_port_clear_bits_raw
                0x00000000100030cc       0x2c zephyr/drivers/gpio/libdrivers__gpio.a(gpio_rpi_pico.c.obj)
 .text.gpio_rpi_port_toggle_bits
                0x00000000100030f8       0x18 zephyr/drivers/gpio/libdrivers__gpio.a(gpio_rpi_pico.c.obj)
 .text.gpio_rpi_manage_callback
                0x0000000010003110       0x58 zephyr/drivers/gpio/libdrivers__gpio.a(gpio_rpi_pico.c.obj)
 .text.gpio_rpi_bank_init
                0x0000000010003168        0xc zephyr/drivers/gpio/libdrivers__gpio.a(gpio_rpi_pico.c.obj)
 .text.gpio_rpi_pin_interrupt_configure
                0x0000000010003174       0x62 zephyr/drivers/gpio/libdrivers__gpio.a(gpio_rpi_pico.c.obj)
 .text.bank_0_config_func
                0x00000000100031d6       0x14 zephyr/drivers/gpio/libdrivers__gpio.a(gpio_rpi_pico.c.obj)
 .text.gpio_rpi_port_set_masked_raw
                0x00000000100031ea       0x3c zephyr/drivers/gpio/libdrivers__gpio.a(gpio_rpi_pico.c.obj)
 .text.gpio_rpi_configure
                0x0000000010003226       0x7c zephyr/drivers/gpio/libdrivers__gpio.a(gpio_rpi_pico.c.obj)
 .text.pinctrl_lookup_state
                0x00000000100032a2       0x26 zephyr/drivers/pinctrl/libdrivers__pinctrl.a(common.c.obj)
                0x00000000100032a2                pinctrl_lookup_state
 .text.pinctrl_configure_pins
                0x00000000100032c8       0x96 zephyr/drivers/pinctrl/libdrivers__pinctrl.a(pinctrl_rpi_pico.c.obj)
                0x00000000100032c8                pinctrl_configure_pins
 .text.reset_rpi_init
                0x000000001000335e        0x4 zephyr/drivers/reset/libdrivers__reset.a(reset_rpi_pico.c.obj)
 .text.reset_rpi_read_register.isra.0
                0x0000000010003362       0x30 zephyr/drivers/reset/libdrivers__reset.a(reset_rpi_pico.c.obj)
 .text.reset_rpi_update
                0x0000000010003392       0x72 zephyr/drivers/reset/libdrivers__reset.a(reset_rpi_pico.c.obj)
 .text.reset_rpi_line_assert
                0x0000000010003404        0xa zephyr/drivers/reset/libdrivers__reset.a(reset_rpi_pico.c.obj)
 .text.reset_rpi_line_deassert
                0x000000001000340e        0xa zephyr/drivers/reset/libdrivers__reset.a(reset_rpi_pico.c.obj)
 .text.reset_rpi_line_toggle
                0x0000000010003418       0x18 zephyr/drivers/reset/libdrivers__reset.a(reset_rpi_pico.c.obj)
 .text.reset_rpi_status
                0x0000000010003430       0x38 zephyr/drivers/reset/libdrivers__reset.a(reset_rpi_pico.c.obj)
 .text.pl011_poll_in
                0x0000000010003468       0x34 zephyr/drivers/serial/libdrivers__serial.a(uart_pl011.c.obj)
 .text.pl011_poll_out
                0x000000001000349c       0x10 zephyr/drivers/serial/libdrivers__serial.a(uart_pl011.c.obj)
 .text.pl011_err_check
                0x00000000100034ac       0x2a zephyr/drivers/serial/libdrivers__serial.a(uart_pl011.c.obj)
 .text.pl011_runtime_config_get
                0x00000000100034d6        0xc zephyr/drivers/serial/libdrivers__serial.a(uart_pl011.c.obj)
 .text.pl011_fifo_fill
                0x00000000100034e2       0x22 zephyr/drivers/serial/libdrivers__serial.a(uart_pl011.c.obj)
 .text.pl011_fifo_read
                0x0000000010003504       0x22 zephyr/drivers/serial/libdrivers__serial.a(uart_pl011.c.obj)
 .text.pl011_irq_tx_enable
                0x0000000010003526       0x26 zephyr/drivers/serial/libdrivers__serial.a(uart_pl011.c.obj)
 .text.pl011_irq_tx_disable
                0x000000001000354c        0xe zephyr/drivers/serial/libdrivers__serial.a(uart_pl011.c.obj)
 .text.pl011_irq_tx_complete
                0x000000001000355a        0xe zephyr/drivers/serial/libdrivers__serial.a(uart_pl011.c.obj)
 .text.pl011_irq_tx_ready
                0x0000000010003568       0x34 zephyr/drivers/serial/libdrivers__serial.a(uart_pl011.c.obj)
 .text.pl011_irq_rx_enable
                0x000000001000359c        0xe zephyr/drivers/serial/libdrivers__serial.a(uart_pl011.c.obj)
 .text.pl011_irq_rx_disable
                0x00000000100035aa        0xe zephyr/drivers/serial/libdrivers__serial.a(uart_pl011.c.obj)
 .text.pl011_irq_rx_ready
                0x00000000100035b8       0x2c zephyr/drivers/serial/libdrivers__serial.a(uart_pl011.c.obj)
 .text.pl011_irq_err_enable
                0x00000000100035e4       0x10 zephyr/drivers/serial/libdrivers__serial.a(uart_pl011.c.obj)
 .text.pl011_irq_is_pending
                0x00000000100035f4       0x1c zephyr/drivers/serial/libdrivers__serial.a(uart_pl011.c.obj)
 .text.pl011_irq_update
                0x0000000010003610        0x4 zephyr/drivers/serial/libdrivers__serial.a(uart_pl011.c.obj)
 .text.pl011_irq_callback_set
                0x0000000010003614        0x8 zephyr/drivers/serial/libdrivers__serial.a(uart_pl011.c.obj)
 .text.pl011_isr
                0x000000001000361c       0x10 zephyr/drivers/serial/libdrivers__serial.a(uart_pl011.c.obj)
                0x000000001000361c                pl011_isr
 .text.pwr_on_raspberrypi_pico_uart_0
                0x000000001000362c        0x4 zephyr/drivers/serial/libdrivers__serial.a(uart_pl011.c.obj)
 .text.clk_enable_raspberrypi_pico_uart_0
                0x0000000010003630        0x4 zephyr/drivers/serial/libdrivers__serial.a(uart_pl011.c.obj)
 .text.pl011_irq_config_func_0
                0x0000000010003634       0x14 zephyr/drivers/serial/libdrivers__serial.a(uart_pl011.c.obj)
 .text.pl011_runtime_configure
                0x0000000010003648        0xa zephyr/drivers/serial/libdrivers__serial.a(uart_pl011.c.obj)
 .text.clock_configure
                0x0000000010003652       0x46 modules/hal_rpi_pico/libmodules__hal_rpi_pico.a(clocks.c.obj)
                0x0000000010003652                clock_configure
 .text.watchdog_start_tick
                0x0000000010003698        0xc modules/hal_rpi_pico/libmodules__hal_rpi_pico.a(watchdog.c.obj)
                0x0000000010003698                watchdog_start_tick
 .text.gpio_init
                0x00000000100036a4       0x16 modules/hal_rpi_pico/libmodules__hal_rpi_pico.a(gpio.c.obj)
                0x00000000100036a4                gpio_init
 .text.z_device_state_init
                0x00000000100036ba        0x2 zephyr/kernel/libkernel.a(device.c.obj)
                0x00000000100036ba                z_device_state_init
 .text.z_impl_device_is_ready
                0x00000000100036bc       0x1a zephyr/kernel/libkernel.a(device.c.obj)
                0x00000000100036bc                z_impl_device_is_ready
 .text.arch_system_halt
                0x00000000100036d6        0x8 zephyr/kernel/libkernel.a(fatal.c.obj)
                0x00000000100036d6                arch_system_halt
 .text.k_sys_fatal_error_handler
                0x00000000100036de        0x6 zephyr/kernel/libkernel.a(fatal.c.obj)
                0x00000000100036de                k_sys_fatal_error_handler
 .text.do_device_init
                0x00000000100036e4       0x30 zephyr/kernel/libkernel.a(init.c.obj)
 .text.z_early_memset
                0x0000000010003714        0x8 zephyr/kernel/libkernel.a(init.c.obj)
                0x0000000010003714                z_early_memset
 .text.z_early_memcpy
                0x000000001000371c        0x8 zephyr/kernel/libkernel.a(init.c.obj)
                0x000000001000371c                z_early_memcpy
 .text.z_init_static
                0x0000000010003724        0x2 zephyr/kernel/libkernel.a(init_static.c.obj)
                0x0000000010003724                z_init_static
 .text.idle     0x0000000010003726        0xe zephyr/kernel/libkernel.a(idle.c.obj)
                0x0000000010003726                idle
 .text.sys_dlist_remove
                0x0000000010003734       0x10 zephyr/kernel/libkernel.a(sched.c.obj)
 .text.unpend_thread_no_timeout
                0x0000000010003744       0x16 zephyr/kernel/libkernel.a(sched.c.obj)
 .text.z_ready_thread
                0x000000001000375a       0x18 zephyr/kernel/libkernel.a(sched.c.obj)
                0x000000001000375a                z_ready_thread
 .text.z_sched_wake_thread
                0x0000000010003772       0x36 zephyr/kernel/libkernel.a(sched.c.obj)
                0x0000000010003772                z_sched_wake_thread
 .text.z_thread_timeout
                0x00000000100037a8        0xc zephyr/kernel/libkernel.a(sched.c.obj)
                0x00000000100037a8                z_thread_timeout
 .text.z_impl_k_sleep
                0x00000000100037b4       0x2e zephyr/kernel/libkernel.a(sched.c.obj)
                0x00000000100037b4                z_impl_k_sleep
 .text.z_abort_timeout
                0x00000000100037e2       0x3e zephyr/kernel/libkernel.a(timeout.c.obj)
                0x00000000100037e2                z_abort_timeout
 .text.sys_clock_tick_get_32
                0x0000000010003820        0x8 zephyr/kernel/libkernel.a(timeout.c.obj)
                0x0000000010003820                sys_clock_tick_get_32
 .text.memcpy   0x0000000010003828       0x12 c:\users\upill\zephyr-sdk-0.17.0\arm-zephyr-eabi\bin\../lib/gcc/../../picolibc/arm-zephyr-eabi/lib/thumb/v6-m/nofp\libc.a(memcpy.c.o)
                0x0000000010003828                __aeabi_memcpy
                0x0000000010003828                __aeabi_memcpy4
                0x0000000010003828                __aeabi_memcpy8
                0x0000000010003828                memcpy
 .text.memset   0x000000001000383a       0x10 c:\users\upill\zephyr-sdk-0.17.0\arm-zephyr-eabi\bin\../lib/gcc/../../picolibc/arm-zephyr-eabi/lib/thumb/v6-m/nofp\libc.a(memset.c.o)
                0x000000001000383a                memset
 .text.strnlen  0x000000001000384a       0x16 c:\users\upill\zephyr-sdk-0.17.0\arm-zephyr-eabi\bin\../lib/gcc/../../picolibc/arm-zephyr-eabi/lib/thumb/v6-m/nofp\libc.a(libc_string_strnlen.c.o)
                0x000000001000384a                strnlen
 .text.__ultoa_invert
                0x0000000010003860      0x10e c:\users\upill\zephyr-sdk-0.17.0\arm-zephyr-eabi\bin\../lib/gcc/../../picolibc/arm-zephyr-eabi/lib/thumb/v6-m/nofp\libc.a(libc_tinystdio_vflprintf.c.o)
 *(SORT_BY_ALIGNMENT(.TEXT.*))
 *fill*         0x000000001000396e        0x2 
 .TEXT.__aeabi_read_tp
                0x0000000010003970        0xc zephyr/arch/arch/arm/core/cortex_m/libarch__arm__core__cortex_m.a(__aeabi_read_tp.S.obj)
                0x0000000010003970                __aeabi_read_tp
 *(SORT_BY_ALIGNMENT(.gnu.linkonce.t.*))
 *(SORT_BY_ALIGNMENT(.glue_7t))
 .glue_7t       0x000000001000397c        0x0 linker stubs
 *(SORT_BY_ALIGNMENT(.glue_7))
 .glue_7        0x000000001000397c        0x0 linker stubs
 *(SORT_BY_ALIGNMENT(.vfp11_veneer))
 .vfp11_veneer  0x000000001000397c        0x0 linker stubs
 *(SORT_BY_ALIGNMENT(.v4_bx))
 .v4_bx         0x000000001000397c        0x0 linker stubs
                0x000000001000397c                . = ALIGN (0x4)
                0x000000001000397c                __text_region_end = .

.ARM.exidx      0x000000001000397c        0x8
                0x000000001000397c                __exidx_start = .
 *(SORT_BY_ALIGNMENT(.ARM.exidx*) SORT_BY_ALIGNMENT(gnu.linkonce.armexidx.*))
 .ARM.exidx     0x000000001000397c        0x8 c:/users/upill/zephyr-sdk-0.17.0/arm-zephyr-eabi/bin/../lib/gcc/arm-zephyr-eabi/12.2.0/thumb/v6-m/nofp\libgcc.a(_udivmoddi4.o)
                0x0000000010003984                __exidx_end = .
                0x0000000010003984                __rodata_region_start = .

initlevel       0x0000000010003984       0x38
                0x0000000010003984                __init_start = .
                0x0000000010003984                __init_EARLY_start = .
 *(SORT_BY_NAME(SORT_BY_ALIGNMENT(.z_init_EARLY?_*)))
 *(SORT_BY_NAME(SORT_BY_ALIGNMENT(.z_init_EARLY??_*)))
                0x0000000010003984                __init_PRE_KERNEL_1_start = .
 *(SORT_BY_NAME(SORT_BY_ALIGNMENT(.z_init_PRE_KERNEL_1?_*)))
 *(SORT_BY_NAME(SORT_BY_ALIGNMENT(.z_init_PRE_KERNEL_1??_*)))
 .z_init_PRE_KERNEL_130_00025_
                0x0000000010003984        0x8 zephyr/drivers/clock_control/libdrivers__clock_control.a(clock_control_rpi_pico.c.obj)
 .z_init_PRE_KERNEL_135_00027_
                0x000000001000398c        0x8 zephyr/drivers/reset/libdrivers__reset.a(reset_rpi_pico.c.obj)
 .z_init_PRE_KERNEL_150_00066_
                0x0000000010003994        0x8 zephyr/drivers/serial/libdrivers__serial.a(uart_pl011.c.obj)
 .z_init_PRE_KERNEL_160_0_
                0x000000001000399c        0x8 zephyr/drivers/console/libdrivers__console.a(uart_console.c.obj)
                0x00000000100039a4                __init_PRE_KERNEL_2_start = .
 *(SORT_BY_NAME(SORT_BY_ALIGNMENT(.z_init_PRE_KERNEL_2?_*)))
 .z_init_PRE_KERNEL_20_0_
                0x00000000100039a4        0x8 zephyr/drivers/timer/libdrivers__timer.a(cortex_m_systick.c.obj)
 *(SORT_BY_NAME(SORT_BY_ALIGNMENT(.z_init_PRE_KERNEL_2??_*)))
                0x00000000100039ac                __init_POST_KERNEL_start = .
 *(SORT_BY_NAME(SORT_BY_ALIGNMENT(.z_init_POST_KERNEL?_*)))
 *(SORT_BY_NAME(SORT_BY_ALIGNMENT(.z_init_POST_KERNEL??_*)))
 .z_init_POST_KERNEL35_0_
                0x00000000100039ac        0x8 zephyr/lib/libc/common/liblib__libc__common.a(malloc.c.obj)
 .z_init_POST_KERNEL40_00033_
                0x00000000100039b4        0x8 zephyr/drivers/gpio/libdrivers__gpio.a(gpio_rpi_pico.c.obj)
                0x00000000100039bc                __init_APPLICATION_start = .
 *(SORT_BY_NAME(SORT_BY_ALIGNMENT(.z_init_APPLICATION?_*)))
 *(SORT_BY_NAME(SORT_BY_ALIGNMENT(.z_init_APPLICATION??_*)))
                0x00000000100039bc                __init_SMP_start = .
 *(SORT_BY_NAME(SORT_BY_ALIGNMENT(.z_init_SMP?_*)))
 *(SORT_BY_NAME(SORT_BY_ALIGNMENT(.z_init_SMP??_*)))
                0x00000000100039bc                __init_end = .
                0x00000000100039bc                __deferred_init_list_start = .
 *(SORT_BY_ALIGNMENT(.z_deferred_init*))
                0x00000000100039bc                __deferred_init_list_end = .

device_area     0x00000000100039bc       0x50
                0x00000000100039bc                _device_list_start = .
 *(SORT_BY_NAME(SORT_BY_ALIGNMENT(._device.static.*_?_*)))
 *(SORT_BY_NAME(SORT_BY_ALIGNMENT(._device.static.*_??_*)))
 ._device.static.1_30_
                0x00000000100039bc       0x14 zephyr/drivers/clock_control/libdrivers__clock_control.a(clock_control_rpi_pico.c.obj)
                0x00000000100039bc                __device_dts_ord_25
 ._device.static.1_35_
                0x00000000100039d0       0x14 zephyr/drivers/reset/libdrivers__reset.a(reset_rpi_pico.c.obj)
                0x00000000100039d0                __device_dts_ord_27
 ._device.static.1_50_
                0x00000000100039e4       0x14 zephyr/drivers/serial/libdrivers__serial.a(uart_pl011.c.obj)
                0x00000000100039e4                __device_dts_ord_66
 ._device.static.3_40_
                0x00000000100039f8       0x14 zephyr/drivers/gpio/libdrivers__gpio.a(gpio_rpi_pico.c.obj)
                0x00000000100039f8                __device_dts_ord_33
 *(SORT_BY_NAME(SORT_BY_ALIGNMENT(._device.static.*_???_*)))
 *(SORT_BY_NAME(SORT_BY_ALIGNMENT(._device.static.*_????_*)))
 *(SORT_BY_NAME(SORT_BY_ALIGNMENT(._device.static.*_?????_*)))
                0x0000000010003a0c                _device_list_end = .

sw_isr_table    0x0000000010003a0c       0xd0
                0x0000000010003a0c                . = ALIGN (0x4)
 *(SORT_BY_ALIGNMENT(.gnu.linkonce.sw_isr_table*))
 .gnu.linkonce.sw_isr_table
                0x0000000010003a0c       0xd0 zephyr/CMakeFiles/zephyr_final.dir/isr_tables.c.obj
                0x0000000010003a0c                _sw_isr_table

initlevel_error
                0x0000000010003984        0x0
 *(SORT_BY_NAME(SORT_BY_ALIGNMENT(.z_init_[_A-Z0-9]*)))
                0x0000000000000001                ASSERT ((SIZEOF (initlevel_error) == 0x0), Undefined initialization levels used.)

app_shmem_regions
                0x0000000010003adc        0x0
                0x0000000010003adc                __app_shmem_regions_start = .
 *(SORT_BY_NAME(SORT_BY_ALIGNMENT(.app_regions.*)))
                0x0000000010003adc                __app_shmem_regions_end = .

k_p4wq_initparam_area
                0x0000000010003adc        0x0
                0x0000000010003adc                _k_p4wq_initparam_list_start = .
 *(SORT_BY_NAME(SORT_BY_ALIGNMENT(._k_p4wq_initparam.static.*)))
                0x0000000010003adc                _k_p4wq_initparam_list_end = .

_static_thread_data_area
                0x0000000010003ae0       0xc0
                0x0000000010003ae0                __static_thread_data_list_start = .
 *(SORT_BY_NAME(SORT_BY_ALIGNMENT(.__static_thread_data.static.*)))
 .__static_thread_data.static._k_thread_data_led0_thread_
                0x0000000010003ae0       0x30 app/libapp.a(main.c.obj)
                0x0000000010003ae0                _k_thread_data_led0_thread
 .__static_thread_data.static._k_thread_data_led1_thread_
                0x0000000010003b10       0x30 app/libapp.a(main.c.obj)
                0x0000000010003b10                _k_thread_data_led1_thread
 .__static_thread_data.static._k_thread_data_led2_thread_
                0x0000000010003b40       0x30 app/libapp.a(main.c.obj)
                0x0000000010003b40                _k_thread_data_led2_thread
 .__static_thread_data.static._k_thread_data_led3_thread_
                0x0000000010003b70       0x30 app/libapp.a(main.c.obj)
                0x0000000010003b70                _k_thread_data_led3_thread
                0x0000000010003ba0                __static_thread_data_list_end = .

device_deps     0x0000000010003ba0        0x0
                0x0000000010003ba0                __device_deps_start = .
 *(SORT_BY_NAME(SORT_BY_ALIGNMENT(.__device_deps_pass2*)))
                0x0000000010003ba0                __device_deps_end = .

gpio_driver_api_area
                0x0000000010003ba0       0x24
                0x0000000010003ba0                _gpio_driver_api_list_start = .
 *(SORT_BY_NAME(SORT_BY_ALIGNMENT(._gpio_driver_api.static.*)))
 ._gpio_driver_api.static.gpio_rpi_driver_api_
                0x0000000010003ba0       0x24 zephyr/drivers/gpio/libdrivers__gpio.a(gpio_rpi_pico.c.obj)
                0x0000000010003bc4                _gpio_driver_api_list_end = .

reset_driver_api_area
                0x0000000010003bc4       0x10
                0x0000000010003bc4                _reset_driver_api_list_start = .
 *(SORT_BY_NAME(SORT_BY_ALIGNMENT(._reset_driver_api.static.*)))
 ._reset_driver_api.static.reset_rpi_driver_api_
                0x0000000010003bc4       0x10 zephyr/drivers/reset/libdrivers__reset.a(reset_rpi_pico.c.obj)
                0x0000000010003bd4                _reset_driver_api_list_end = .

shared_irq_driver_api_area
                0x0000000010003bd4        0x0
                0x0000000010003bd4                _shared_irq_driver_api_list_start = .
 *(SORT_BY_NAME(SORT_BY_ALIGNMENT(._shared_irq_driver_api.static.*)))
                0x0000000010003bd4                _shared_irq_driver_api_list_end = .

crypto_driver_api_area
                0x0000000010003bd4        0x0
                0x0000000010003bd4                _crypto_driver_api_list_start = .
 *(SORT_BY_NAME(SORT_BY_ALIGNMENT(._crypto_driver_api.static.*)))
                0x0000000010003bd4                _crypto_driver_api_list_end = .

adc_driver_api_area
                0x0000000010003bd4        0x0
                0x0000000010003bd4                _adc_driver_api_list_start = .
 *(SORT_BY_NAME(SORT_BY_ALIGNMENT(._adc_driver_api.static.*)))
                0x0000000010003bd4                _adc_driver_api_list_end = .

auxdisplay_driver_api_area
                0x0000000010003bd4        0x0
                0x0000000010003bd4                _auxdisplay_driver_api_list_start = .
 *(SORT_BY_NAME(SORT_BY_ALIGNMENT(._auxdisplay_driver_api.static.*)))
                0x0000000010003bd4                _auxdisplay_driver_api_list_end = .

bbram_driver_api_area
                0x0000000010003bd4        0x0
                0x0000000010003bd4                _bbram_driver_api_list_start = .
 *(SORT_BY_NAME(SORT_BY_ALIGNMENT(._bbram_driver_api.static.*)))
                0x0000000010003bd4                _bbram_driver_api_list_end = .

bt_hci_driver_api_area
                0x0000000010003bd4        0x0
                0x0000000010003bd4                _bt_hci_driver_api_list_start = .
 *(SORT_BY_NAME(SORT_BY_ALIGNMENT(._bt_hci_driver_api.static.*)))
                0x0000000010003bd4                _bt_hci_driver_api_list_end = .

can_driver_api_area
                0x0000000010003bd4        0x0
                0x0000000010003bd4                _can_driver_api_list_start = .
 *(SORT_BY_NAME(SORT_BY_ALIGNMENT(._can_driver_api.static.*)))
                0x0000000010003bd4                _can_driver_api_list_end = .

cellular_driver_api_area
                0x0000000010003bd4        0x0
                0x0000000010003bd4                _cellular_driver_api_list_start = .
 *(SORT_BY_NAME(SORT_BY_ALIGNMENT(._cellular_driver_api.static.*)))
                0x0000000010003bd4                _cellular_driver_api_list_end = .

charger_driver_api_area
                0x0000000010003bd4        0x0
                0x0000000010003bd4                _charger_driver_api_list_start = .
 *(SORT_BY_NAME(SORT_BY_ALIGNMENT(._charger_driver_api.static.*)))
                0x0000000010003bd4                _charger_driver_api_list_end = .

clock_control_driver_api_area
                0x0000000010003bd4       0x1c
                0x0000000010003bd4                _clock_control_driver_api_list_start = .
 *(SORT_BY_NAME(SORT_BY_ALIGNMENT(._clock_control_driver_api.static.*)))
 ._clock_control_driver_api.static.clock_control_rpi_pico_api_
                0x0000000010003bd4       0x1c zephyr/drivers/clock_control/libdrivers__clock_control.a(clock_control_rpi_pico.c.obj)
                0x0000000010003bf0                _clock_control_driver_api_list_end = .

comparator_driver_api_area
                0x0000000010003bf0        0x0
                0x0000000010003bf0                _comparator_driver_api_list_start = .
 *(SORT_BY_NAME(SORT_BY_ALIGNMENT(._comparator_driver_api.static.*)))
                0x0000000010003bf0                _comparator_driver_api_list_end = .

coredump_driver_api_area
                0x0000000010003bf0        0x0
                0x0000000010003bf0                _coredump_driver_api_list_start = .
 *(SORT_BY_NAME(SORT_BY_ALIGNMENT(._coredump_driver_api.static.*)))
                0x0000000010003bf0                _coredump_driver_api_list_end = .

counter_driver_api_area
                0x0000000010003bf0        0x0
                0x0000000010003bf0                _counter_driver_api_list_start = .
 *(SORT_BY_NAME(SORT_BY_ALIGNMENT(._counter_driver_api.static.*)))
                0x0000000010003bf0                _counter_driver_api_list_end = .

dac_driver_api_area
                0x0000000010003bf0        0x0
                0x0000000010003bf0                _dac_driver_api_list_start = .
 *(SORT_BY_NAME(SORT_BY_ALIGNMENT(._dac_driver_api.static.*)))
                0x0000000010003bf0                _dac_driver_api_list_end = .

dai_driver_api_area
                0x0000000010003bf0        0x0
                0x0000000010003bf0                _dai_driver_api_list_start = .
 *(SORT_BY_NAME(SORT_BY_ALIGNMENT(._dai_driver_api.static.*)))
                0x0000000010003bf0                _dai_driver_api_list_end = .

display_driver_api_area
                0x0000000010003bf0        0x0
                0x0000000010003bf0                _display_driver_api_list_start = .
 *(SORT_BY_NAME(SORT_BY_ALIGNMENT(._display_driver_api.static.*)))
                0x0000000010003bf0                _display_driver_api_list_end = .

dma_driver_api_area
                0x0000000010003bf0        0x0
                0x0000000010003bf0                _dma_driver_api_list_start = .
 *(SORT_BY_NAME(SORT_BY_ALIGNMENT(._dma_driver_api.static.*)))
                0x0000000010003bf0                _dma_driver_api_list_end = .

edac_driver_api_area
                0x0000000010003bf0        0x0
                0x0000000010003bf0                _edac_driver_api_list_start = .
 *(SORT_BY_NAME(SORT_BY_ALIGNMENT(._edac_driver_api.static.*)))
                0x0000000010003bf0                _edac_driver_api_list_end = .

eeprom_driver_api_area
                0x0000000010003bf0        0x0
                0x0000000010003bf0                _eeprom_driver_api_list_start = .
 *(SORT_BY_NAME(SORT_BY_ALIGNMENT(._eeprom_driver_api.static.*)))
                0x0000000010003bf0                _eeprom_driver_api_list_end = .

emul_bbram_driver_api_area
                0x0000000010003bf0        0x0
                0x0000000010003bf0                _emul_bbram_driver_api_list_start = .
 *(SORT_BY_NAME(SORT_BY_ALIGNMENT(._emul_bbram_driver_api.static.*)))
                0x0000000010003bf0                _emul_bbram_driver_api_list_end = .

fuel_gauge_emul_driver_api_area
                0x0000000010003bf0        0x0
                0x0000000010003bf0                _fuel_gauge_emul_driver_api_list_start = .
 *(SORT_BY_NAME(SORT_BY_ALIGNMENT(._fuel_gauge_emul_driver_api.static.*)))
                0x0000000010003bf0                _fuel_gauge_emul_driver_api_list_end = .

emul_sensor_driver_api_area
                0x0000000010003bf0        0x0
                0x0000000010003bf0                _emul_sensor_driver_api_list_start = .
 *(SORT_BY_NAME(SORT_BY_ALIGNMENT(._emul_sensor_driver_api.static.*)))
                0x0000000010003bf0                _emul_sensor_driver_api_list_end = .

entropy_driver_api_area
                0x0000000010003bf0        0x0
                0x0000000010003bf0                _entropy_driver_api_list_start = .
 *(SORT_BY_NAME(SORT_BY_ALIGNMENT(._entropy_driver_api.static.*)))
                0x0000000010003bf0                _entropy_driver_api_list_end = .

espi_driver_api_area
                0x0000000010003bf0        0x0
                0x0000000010003bf0                _espi_driver_api_list_start = .
 *(SORT_BY_NAME(SORT_BY_ALIGNMENT(._espi_driver_api.static.*)))
                0x0000000010003bf0                _espi_driver_api_list_end = .

espi_saf_driver_api_area
                0x0000000010003bf0        0x0
                0x0000000010003bf0                _espi_saf_driver_api_list_start = .
 *(SORT_BY_NAME(SORT_BY_ALIGNMENT(._espi_saf_driver_api.static.*)))
                0x0000000010003bf0                _espi_saf_driver_api_list_end = .

flash_driver_api_area
                0x0000000010003bf0        0x0
                0x0000000010003bf0                _flash_driver_api_list_start = .
 *(SORT_BY_NAME(SORT_BY_ALIGNMENT(._flash_driver_api.static.*)))
                0x0000000010003bf0                _flash_driver_api_list_end = .

fpga_driver_api_area
                0x0000000010003bf0        0x0
                0x0000000010003bf0                _fpga_driver_api_list_start = .
 *(SORT_BY_NAME(SORT_BY_ALIGNMENT(._fpga_driver_api.static.*)))
                0x0000000010003bf0                _fpga_driver_api_list_end = .

fuel_gauge_driver_api_area
                0x0000000010003bf0        0x0
                0x0000000010003bf0                _fuel_gauge_driver_api_list_start = .
 *(SORT_BY_NAME(SORT_BY_ALIGNMENT(._fuel_gauge_driver_api.static.*)))
                0x0000000010003bf0                _fuel_gauge_driver_api_list_end = .

gnss_driver_api_area
                0x0000000010003bf0        0x0
                0x0000000010003bf0                _gnss_driver_api_list_start = .
 *(SORT_BY_NAME(SORT_BY_ALIGNMENT(._gnss_driver_api.static.*)))
                0x0000000010003bf0                _gnss_driver_api_list_end = .

haptics_driver_api_area
                0x0000000010003bf0        0x0
                0x0000000010003bf0                _haptics_driver_api_list_start = .
 *(SORT_BY_NAME(SORT_BY_ALIGNMENT(._haptics_driver_api.static.*)))
                0x0000000010003bf0                _haptics_driver_api_list_end = .

hwspinlock_driver_api_area
                0x0000000010003bf0        0x0
                0x0000000010003bf0                _hwspinlock_driver_api_list_start = .
 *(SORT_BY_NAME(SORT_BY_ALIGNMENT(._hwspinlock_driver_api.static.*)))
                0x0000000010003bf0                _hwspinlock_driver_api_list_end = .

i2c_driver_api_area
                0x0000000010003bf0        0x0
                0x0000000010003bf0                _i2c_driver_api_list_start = .
 *(SORT_BY_NAME(SORT_BY_ALIGNMENT(._i2c_driver_api.static.*)))
                0x0000000010003bf0                _i2c_driver_api_list_end = .

i2c_target_driver_api_area
                0x0000000010003bf0        0x0
                0x0000000010003bf0                _i2c_target_driver_api_list_start = .
 *(SORT_BY_NAME(SORT_BY_ALIGNMENT(._i2c_target_driver_api.static.*)))
                0x0000000010003bf0                _i2c_target_driver_api_list_end = .

i2s_driver_api_area
                0x0000000010003bf0        0x0
                0x0000000010003bf0                _i2s_driver_api_list_start = .
 *(SORT_BY_NAME(SORT_BY_ALIGNMENT(._i2s_driver_api.static.*)))
                0x0000000010003bf0                _i2s_driver_api_list_end = .

i3c_driver_api_area
                0x0000000010003bf0        0x0
                0x0000000010003bf0                _i3c_driver_api_list_start = .
 *(SORT_BY_NAME(SORT_BY_ALIGNMENT(._i3c_driver_api.static.*)))
                0x0000000010003bf0                _i3c_driver_api_list_end = .

ipm_driver_api_area
                0x0000000010003bf0        0x0
                0x0000000010003bf0                _ipm_driver_api_list_start = .
 *(SORT_BY_NAME(SORT_BY_ALIGNMENT(._ipm_driver_api.static.*)))
                0x0000000010003bf0                _ipm_driver_api_list_end = .

kscan_driver_api_area
                0x0000000010003bf0        0x0
                0x0000000010003bf0                _kscan_driver_api_list_start = .
 *(SORT_BY_NAME(SORT_BY_ALIGNMENT(._kscan_driver_api.static.*)))
                0x0000000010003bf0                _kscan_driver_api_list_end = .

led_driver_api_area
                0x0000000010003bf0        0x0
                0x0000000010003bf0                _led_driver_api_list_start = .
 *(SORT_BY_NAME(SORT_BY_ALIGNMENT(._led_driver_api.static.*)))
                0x0000000010003bf0                _led_driver_api_list_end = .

led_strip_driver_api_area
                0x0000000010003bf0        0x0
                0x0000000010003bf0                _led_strip_driver_api_list_start = .
 *(SORT_BY_NAME(SORT_BY_ALIGNMENT(._led_strip_driver_api.static.*)))
                0x0000000010003bf0                _led_strip_driver_api_list_end = .

lora_driver_api_area
                0x0000000010003bf0        0x0
                0x0000000010003bf0                _lora_driver_api_list_start = .
 *(SORT_BY_NAME(SORT_BY_ALIGNMENT(._lora_driver_api.static.*)))
                0x0000000010003bf0                _lora_driver_api_list_end = .

mbox_driver_api_area
                0x0000000010003bf0        0x0
                0x0000000010003bf0                _mbox_driver_api_list_start = .
 *(SORT_BY_NAME(SORT_BY_ALIGNMENT(._mbox_driver_api.static.*)))
                0x0000000010003bf0                _mbox_driver_api_list_end = .

mdio_driver_api_area
                0x0000000010003bf0        0x0
                0x0000000010003bf0                _mdio_driver_api_list_start = .
 *(SORT_BY_NAME(SORT_BY_ALIGNMENT(._mdio_driver_api.static.*)))
                0x0000000010003bf0                _mdio_driver_api_list_end = .

mipi_dbi_driver_api_area
                0x0000000010003bf0        0x0
                0x0000000010003bf0                _mipi_dbi_driver_api_list_start = .
 *(SORT_BY_NAME(SORT_BY_ALIGNMENT(._mipi_dbi_driver_api.static.*)))
                0x0000000010003bf0                _mipi_dbi_driver_api_list_end = .

mipi_dsi_driver_api_area
                0x0000000010003bf0        0x0
                0x0000000010003bf0                _mipi_dsi_driver_api_list_start = .
 *(SORT_BY_NAME(SORT_BY_ALIGNMENT(._mipi_dsi_driver_api.static.*)))
                0x0000000010003bf0                _mipi_dsi_driver_api_list_end = .

mspi_driver_api_area
                0x0000000010003bf0        0x0
                0x0000000010003bf0                _mspi_driver_api_list_start = .
 *(SORT_BY_NAME(SORT_BY_ALIGNMENT(._mspi_driver_api.static.*)))
                0x0000000010003bf0                _mspi_driver_api_list_end = .

peci_driver_api_area
                0x0000000010003bf0        0x0
                0x0000000010003bf0                _peci_driver_api_list_start = .
 *(SORT_BY_NAME(SORT_BY_ALIGNMENT(._peci_driver_api.static.*)))
                0x0000000010003bf0                _peci_driver_api_list_end = .

ps2_driver_api_area
                0x0000000010003bf0        0x0
                0x0000000010003bf0                _ps2_driver_api_list_start = .
 *(SORT_BY_NAME(SORT_BY_ALIGNMENT(._ps2_driver_api.static.*)))
                0x0000000010003bf0                _ps2_driver_api_list_end = .

ptp_clock_driver_api_area
                0x0000000010003bf0        0x0
                0x0000000010003bf0                _ptp_clock_driver_api_list_start = .
 *(SORT_BY_NAME(SORT_BY_ALIGNMENT(._ptp_clock_driver_api.static.*)))
                0x0000000010003bf0                _ptp_clock_driver_api_list_end = .

pwm_driver_api_area
                0x0000000010003bf0        0x0
                0x0000000010003bf0                _pwm_driver_api_list_start = .
 *(SORT_BY_NAME(SORT_BY_ALIGNMENT(._pwm_driver_api.static.*)))
                0x0000000010003bf0                _pwm_driver_api_list_end = .

regulator_parent_driver_api_area
                0x0000000010003bf0        0x0
                0x0000000010003bf0                _regulator_parent_driver_api_list_start = .
 *(SORT_BY_NAME(SORT_BY_ALIGNMENT(._regulator_parent_driver_api.static.*)))
                0x0000000010003bf0                _regulator_parent_driver_api_list_end = .

regulator_driver_api_area
                0x0000000010003bf0        0x0
                0x0000000010003bf0                _regulator_driver_api_list_start = .
 *(SORT_BY_NAME(SORT_BY_ALIGNMENT(._regulator_driver_api.static.*)))
                0x0000000010003bf0                _regulator_driver_api_list_end = .

retained_mem_driver_api_area
                0x0000000010003bf0        0x0
                0x0000000010003bf0                _retained_mem_driver_api_list_start = .
 *(SORT_BY_NAME(SORT_BY_ALIGNMENT(._retained_mem_driver_api.static.*)))
                0x0000000010003bf0                _retained_mem_driver_api_list_end = .

rtc_driver_api_area
                0x0000000010003bf0        0x0
                0x0000000010003bf0                _rtc_driver_api_list_start = .
 *(SORT_BY_NAME(SORT_BY_ALIGNMENT(._rtc_driver_api.static.*)))
                0x0000000010003bf0                _rtc_driver_api_list_end = .

sdhc_driver_api_area
                0x0000000010003bf0        0x0
                0x0000000010003bf0                _sdhc_driver_api_list_start = .
 *(SORT_BY_NAME(SORT_BY_ALIGNMENT(._sdhc_driver_api.static.*)))
                0x0000000010003bf0                _sdhc_driver_api_list_end = .

sensor_driver_api_area
                0x0000000010003bf0        0x0
                0x0000000010003bf0                _sensor_driver_api_list_start = .
 *(SORT_BY_NAME(SORT_BY_ALIGNMENT(._sensor_driver_api.static.*)))
                0x0000000010003bf0                _sensor_driver_api_list_end = .

smbus_driver_api_area
                0x0000000010003bf0        0x0
                0x0000000010003bf0                _smbus_driver_api_list_start = .
 *(SORT_BY_NAME(SORT_BY_ALIGNMENT(._smbus_driver_api.static.*)))
                0x0000000010003bf0                _smbus_driver_api_list_end = .

spi_driver_api_area
                0x0000000010003bf0        0x0
                0x0000000010003bf0                _spi_driver_api_list_start = .
 *(SORT_BY_NAME(SORT_BY_ALIGNMENT(._spi_driver_api.static.*)))
                0x0000000010003bf0                _spi_driver_api_list_end = .

stepper_driver_api_area
                0x0000000010003bf0        0x0
                0x0000000010003bf0                _stepper_driver_api_list_start = .
 *(SORT_BY_NAME(SORT_BY_ALIGNMENT(._stepper_driver_api.static.*)))
                0x0000000010003bf0                _stepper_driver_api_list_end = .

syscon_driver_api_area
                0x0000000010003bf0        0x0
                0x0000000010003bf0                _syscon_driver_api_list_start = .
 *(SORT_BY_NAME(SORT_BY_ALIGNMENT(._syscon_driver_api.static.*)))
                0x0000000010003bf0                _syscon_driver_api_list_end = .

tee_driver_api_area
                0x0000000010003bf0        0x0
                0x0000000010003bf0                _tee_driver_api_list_start = .
 *(SORT_BY_NAME(SORT_BY_ALIGNMENT(._tee_driver_api.static.*)))
                0x0000000010003bf0                _tee_driver_api_list_end = .

video_driver_api_area
                0x0000000010003bf0        0x0
                0x0000000010003bf0                _video_driver_api_list_start = .
 *(SORT_BY_NAME(SORT_BY_ALIGNMENT(._video_driver_api.static.*)))
                0x0000000010003bf0                _video_driver_api_list_end = .

w1_driver_api_area
                0x0000000010003bf0        0x0
                0x0000000010003bf0                _w1_driver_api_list_start = .
 *(SORT_BY_NAME(SORT_BY_ALIGNMENT(._w1_driver_api.static.*)))
                0x0000000010003bf0                _w1_driver_api_list_end = .

wdt_driver_api_area
                0x0000000010003bf0        0x0
                0x0000000010003bf0                _wdt_driver_api_list_start = .
 *(SORT_BY_NAME(SORT_BY_ALIGNMENT(._wdt_driver_api.static.*)))
                0x0000000010003bf0                _wdt_driver_api_list_end = .

can_transceiver_driver_api_area
                0x0000000010003bf0        0x0
                0x0000000010003bf0                _can_transceiver_driver_api_list_start = .
 *(SORT_BY_NAME(SORT_BY_ALIGNMENT(._can_transceiver_driver_api.static.*)))
                0x0000000010003bf0                _can_transceiver_driver_api_list_end = .

nrf_clock_control_driver_api_area
                0x0000000010003bf0        0x0
                0x0000000010003bf0                _nrf_clock_control_driver_api_list_start = .
 *(SORT_BY_NAME(SORT_BY_ALIGNMENT(._nrf_clock_control_driver_api.static.*)))
                0x0000000010003bf0                _nrf_clock_control_driver_api_list_end = .

i3c_target_driver_api_area
                0x0000000010003bf0        0x0
                0x0000000010003bf0                _i3c_target_driver_api_list_start = .
 *(SORT_BY_NAME(SORT_BY_ALIGNMENT(._i3c_target_driver_api.static.*)))
                0x0000000010003bf0                _i3c_target_driver_api_list_end = .

its_driver_api_area
                0x0000000010003bf0        0x0
                0x0000000010003bf0                _its_driver_api_list_start = .
 *(SORT_BY_NAME(SORT_BY_ALIGNMENT(._its_driver_api.static.*)))
                0x0000000010003bf0                _its_driver_api_list_end = .

vtd_driver_api_area
                0x0000000010003bf0        0x0
                0x0000000010003bf0                _vtd_driver_api_list_start = .
 *(SORT_BY_NAME(SORT_BY_ALIGNMENT(._vtd_driver_api.static.*)))
                0x0000000010003bf0                _vtd_driver_api_list_end = .

tgpio_driver_api_area
                0x0000000010003bf0        0x0
                0x0000000010003bf0                _tgpio_driver_api_list_start = .
 *(SORT_BY_NAME(SORT_BY_ALIGNMENT(._tgpio_driver_api.static.*)))
                0x0000000010003bf0                _tgpio_driver_api_list_end = .

pcie_ctrl_driver_api_area
                0x0000000010003bf0        0x0
                0x0000000010003bf0                _pcie_ctrl_driver_api_list_start = .
 *(SORT_BY_NAME(SORT_BY_ALIGNMENT(._pcie_ctrl_driver_api.static.*)))
                0x0000000010003bf0                _pcie_ctrl_driver_api_list_end = .

pcie_ep_driver_api_area
                0x0000000010003bf0        0x0
                0x0000000010003bf0                _pcie_ep_driver_api_list_start = .
 *(SORT_BY_NAME(SORT_BY_ALIGNMENT(._pcie_ep_driver_api.static.*)))
                0x0000000010003bf0                _pcie_ep_driver_api_list_end = .

svc_driver_api_area
                0x0000000010003bf0        0x0
                0x0000000010003bf0                _svc_driver_api_list_start = .
 *(SORT_BY_NAME(SORT_BY_ALIGNMENT(._svc_driver_api.static.*)))
                0x0000000010003bf0                _svc_driver_api_list_end = .

uart_driver_api_area
                0x0000000010003bf0       0x4c
                0x0000000010003bf0                _uart_driver_api_list_start = .
 *(SORT_BY_NAME(SORT_BY_ALIGNMENT(._uart_driver_api.static.*)))
 ._uart_driver_api.static.pl011_driver_api_
                0x0000000010003bf0       0x4c zephyr/drivers/serial/libdrivers__serial.a(uart_pl011.c.obj)
                0x0000000010003c3c                _uart_driver_api_list_end = .

bc12_emul_driver_api_area
                0x0000000010003c3c        0x0
                0x0000000010003c3c                _bc12_emul_driver_api_list_start = .
 *(SORT_BY_NAME(SORT_BY_ALIGNMENT(._bc12_emul_driver_api.static.*)))
                0x0000000010003c3c                _bc12_emul_driver_api_list_end = .

bc12_driver_api_area
                0x0000000010003c3c        0x0
                0x0000000010003c3c                _bc12_driver_api_list_start = .
 *(SORT_BY_NAME(SORT_BY_ALIGNMENT(._bc12_driver_api.static.*)))
                0x0000000010003c3c                _bc12_driver_api_list_end = .

usbc_ppc_driver_api_area
                0x0000000010003c3c        0x0
                0x0000000010003c3c                _usbc_ppc_driver_api_list_start = .
 *(SORT_BY_NAME(SORT_BY_ALIGNMENT(._usbc_ppc_driver_api.static.*)))
                0x0000000010003c3c                _usbc_ppc_driver_api_list_end = .

tcpc_driver_api_area
                0x0000000010003c3c        0x0
                0x0000000010003c3c                _tcpc_driver_api_list_start = .
 *(SORT_BY_NAME(SORT_BY_ALIGNMENT(._tcpc_driver_api.static.*)))
                0x0000000010003c3c                _tcpc_driver_api_list_end = .

usbc_vbus_driver_api_area
                0x0000000010003c3c        0x0
                0x0000000010003c3c                _usbc_vbus_driver_api_list_start = .
 *(SORT_BY_NAME(SORT_BY_ALIGNMENT(._usbc_vbus_driver_api.static.*)))
                0x0000000010003c3c                _usbc_vbus_driver_api_list_end = .

ivshmem_driver_api_area
                0x0000000010003c3c        0x0
                0x0000000010003c3c                _ivshmem_driver_api_list_start = .
 *(SORT_BY_NAME(SORT_BY_ALIGNMENT(._ivshmem_driver_api.static.*)))
                0x0000000010003c3c                _ivshmem_driver_api_list_end = .

ethphy_driver_api_area
                0x0000000010003c3c        0x0
                0x0000000010003c3c                _ethphy_driver_api_list_start = .
 *(SORT_BY_NAME(SORT_BY_ALIGNMENT(._ethphy_driver_api.static.*)))
                0x0000000010003c3c                _ethphy_driver_api_list_end = .

ztest           0x0000000010003c3c        0x0
                0x0000000010003c3c                _ztest_expected_result_entry_list_start = .
 *(SORT_BY_NAME(SORT_BY_ALIGNMENT(._ztest_expected_result_entry.static.*)))
                0x0000000010003c3c                _ztest_expected_result_entry_list_end = .
                0x0000000010003c3c                _ztest_suite_node_list_start = .
 *(SORT_BY_NAME(SORT_BY_ALIGNMENT(._ztest_suite_node.static.*)))
                0x0000000010003c3c                _ztest_suite_node_list_end = .
                0x0000000010003c3c                _ztest_unit_test_list_start = .
 *(SORT_BY_NAME(SORT_BY_ALIGNMENT(._ztest_unit_test.static.*)))
                0x0000000010003c3c                _ztest_unit_test_list_end = .
                0x0000000010003c3c                _ztest_test_rule_list_start = .
 *(SORT_BY_NAME(SORT_BY_ALIGNMENT(._ztest_test_rule.static.*)))
                0x0000000010003c3c                _ztest_test_rule_list_end = .

init_array      0x0000000010003c3c        0x0
 *(SORT_BY_NAME(SORT_BY_ALIGNMENT(.ctors*)))
 *(SORT_BY_NAME(SORT_BY_ALIGNMENT(.init_array*)))
                0x0000000000000001                ASSERT ((SIZEOF (init_array) == 0x0), GNU-style constructors required but STATIC_INIT_GNU not enabled)

bt_l2cap_fixed_chan_area
                0x0000000010003c3c        0x0
                0x0000000010003c3c                _bt_l2cap_fixed_chan_list_start = .
 *(SORT_BY_NAME(SORT_BY_ALIGNMENT(._bt_l2cap_fixed_chan.static.*)))
                0x0000000010003c3c                _bt_l2cap_fixed_chan_list_end = .

bt_gatt_service_static_area
                0x0000000010003c3c        0x0
                0x0000000010003c3c                _bt_gatt_service_static_list_start = .
 *(SORT_BY_NAME(SORT_BY_ALIGNMENT(._bt_gatt_service_static.static.*)))
                0x0000000010003c3c                _bt_gatt_service_static_list_end = .

log_strings_area
                0x0000000010003c3c        0x0
                0x0000000010003c3c                _log_strings_list_start = .
 *(SORT_BY_NAME(SORT_BY_ALIGNMENT(._log_strings.static.*)))
                0x0000000010003c3c                _log_strings_list_end = .

log_stmesp_ptr_area
                0x0000000010003c3c        0x0
                0x0000000010003c3c                _log_stmesp_ptr_list_start = .
 *(SORT_BY_NAME(SORT_BY_ALIGNMENT(._log_stmesp_ptr.static.*)))
                0x0000000010003c3c                _log_stmesp_ptr_list_end = .

log_stmesp_str_area
                0x0000000010003c3c        0x0
                0x0000000010003c3c                _log_stmesp_str_list_start = .
 *(SORT_BY_NAME(SORT_BY_ALIGNMENT(._log_stmesp_str.static.*)))
                0x0000000010003c3c                _log_stmesp_str_list_end = .

log_const_area  0x0000000010003c3c        0x0
                0x0000000010003c3c                _log_const_list_start = .
 *(SORT_BY_NAME(SORT_BY_ALIGNMENT(._log_const.static.*)))
                0x0000000010003c3c                _log_const_list_end = .

log_backend_area
                0x0000000010003c3c        0x0
                0x0000000010003c3c                _log_backend_list_start = .
 *(SORT_BY_NAME(SORT_BY_ALIGNMENT(._log_backend.static.*)))
                0x0000000010003c3c                _log_backend_list_end = .

log_link_area   0x0000000010003c3c        0x0
                0x0000000010003c3c                _log_link_list_start = .
 *(SORT_BY_NAME(SORT_BY_ALIGNMENT(._log_link.static.*)))
                0x0000000010003c3c                _log_link_list_end = .

tracing_backend_area
                0x0000000010003c3c        0x0
                0x0000000010003c3c                _tracing_backend_list_start = .
 *(SORT_BY_NAME(SORT_BY_ALIGNMENT(._tracing_backend.static.*)))
                0x0000000010003c3c                _tracing_backend_list_end = .

zephyr_dbg_info
 *(SORT_BY_ALIGNMENT(.dbg_thread_info))

intc_table_area
                0x0000000010003c3c        0x0
                0x0000000010003c3c                _intc_table_list_start = .
 *(SORT_BY_NAME(SORT_BY_ALIGNMENT(._intc_table.static.*)))
                0x0000000010003c3c                _intc_table_list_end = .

symbol_to_keep  0x0000000010003c3c        0x0
                0x0000000010003c3c                __symbol_to_keep_start = .
 *(SORT_BY_NAME(SORT_BY_ALIGNMENT(.symbol_to_keep*)))
                0x0000000010003c3c                __symbol_to_keep_end = .

shell_area      0x0000000010003c3c        0x0
                0x0000000010003c3c                _shell_list_start = .
 *(SORT_BY_NAME(SORT_BY_ALIGNMENT(._shell.static.*)))
                0x0000000010003c3c                _shell_list_end = .

shell_root_cmds_area
                0x0000000010003c3c        0x0
                0x0000000010003c3c                _shell_root_cmds_list_start = .
 *(SORT_BY_NAME(SORT_BY_ALIGNMENT(._shell_root_cmds.static.*)))
                0x0000000010003c3c                _shell_root_cmds_list_end = .

shell_subcmds_area
                0x0000000010003c3c        0x0
                0x0000000010003c3c                _shell_subcmds_list_start = .
 *(SORT_BY_NAME(SORT_BY_ALIGNMENT(._shell_subcmds.static.*)))
                0x0000000010003c3c                _shell_subcmds_list_end = .

shell_dynamic_subcmds_area
                0x0000000010003c3c        0x0
                0x0000000010003c3c                _shell_dynamic_subcmds_list_start = .
 *(SORT_BY_NAME(SORT_BY_ALIGNMENT(._shell_dynamic_subcmds.static.*)))
                0x0000000010003c3c                _shell_dynamic_subcmds_list_end = .

cfb_font_area   0x0000000010003c3c        0x0
                0x0000000010003c3c                _cfb_font_list_start = .
 *(SORT_BY_NAME(SORT_BY_ALIGNMENT(._cfb_font.static.*)))
                0x0000000010003c3c                _cfb_font_list_end = .

tdata           0x0000000010003c3c        0x0
 *(SORT_BY_ALIGNMENT(.tdata) SORT_BY_ALIGNMENT(.tdata.*) SORT_BY_ALIGNMENT(.gnu.linkonce.td.*))

tbss            0x0000000010003c3c        0x4
 *(SORT_BY_ALIGNMENT(.tbss) SORT_BY_ALIGNMENT(.tbss.*) SORT_BY_ALIGNMENT(.gnu.linkonce.tb.*) SORT_BY_ALIGNMENT(.tcommon))
 .tbss.z_tls_current
                0x0000000010003c3c        0x4 zephyr/libzephyr.a(thread_entry.c.obj)
                0x0000000010003c3c                z_tls_current
                0x0000000010003c3c                PROVIDE (__tdata_start = LOADADDR (tdata))
                0x0000000000000001                PROVIDE (__tdata_align = ALIGNOF (tdata))
                0x0000000000000000                PROVIDE (__tdata_size = (((SIZEOF (tdata) + __tdata_align) - 0x1) & ~ ((__tdata_align - 0x1))))
                [!provide]                        PROVIDE (__tdata_end = (__tdata_start + __tdata_size))
                0x0000000000000004                PROVIDE (__tbss_align = ALIGNOF (tbss))
                [!provide]                        PROVIDE (__tbss_start = ADDR (tbss))
                0x0000000000000004                PROVIDE (__tbss_size = (((SIZEOF (tbss) + __tbss_align) - 0x1) & ~ ((__tbss_align - 0x1))))
                [!provide]                        PROVIDE (__tbss_end = (__tbss_start + __tbss_size))
                [!provide]                        PROVIDE (__tls_start = __tdata_start)
                [!provide]                        PROVIDE (__tls_end = __tbss_end)
                [!provide]                        PROVIDE (__tls_size = (__tbss_end - __tdata_start))

rodata          0x0000000010003c3c      0x270
 *(SORT_BY_ALIGNMENT(.rodata))
 .rodata        0x0000000010003c3c       0x22 zephyr/drivers/clock_control/libdrivers__clock_control.a(clock_control_rpi_pico.c.obj)
 *(SORT_BY_ALIGNMENT(.rodata.*))
 *fill*         0x0000000010003c5e        0x2 
 .rodata.leds   0x0000000010003c60       0x20 app/libapp.a(main.c.obj)
 .rodata.clock_control_rpi_pico_config
                0x0000000010003c80       0xf0 zephyr/drivers/clock_control/libdrivers__clock_control.a(clock_control_rpi_pico.c.obj)
 .rodata.__pinctrl_dev_config__device_dts_ord_25
                0x0000000010003d70        0x8 zephyr/drivers/clock_control/libdrivers__clock_control.a(clock_control_rpi_pico.c.obj)
 .rodata.__pinctrl_states__device_dts_ord_25
                0x0000000010003d78        0x0 zephyr/drivers/clock_control/libdrivers__clock_control.a(clock_control_rpi_pico.c.obj)
 .rodata.gpio_rpi_0_config
                0x0000000010003d78        0x8 zephyr/drivers/gpio/libdrivers__gpio.a(gpio_rpi_pico.c.obj)
 .rodata.reset_rpi_config_0
                0x0000000010003d80        0xc zephyr/drivers/reset/libdrivers__reset.a(reset_rpi_pico.c.obj)
 .rodata.__pinctrl_dev_config__device_dts_ord_66
                0x0000000010003d8c        0x8 zephyr/drivers/serial/libdrivers__serial.a(uart_pl011.c.obj)
 .rodata.__pinctrl_states__device_dts_ord_66
                0x0000000010003d94        0x8 zephyr/drivers/serial/libdrivers__serial.a(uart_pl011.c.obj)
 .rodata.__pinctrl_state_pins_0__device_dts_ord_66
                0x0000000010003d9c        0x8 zephyr/drivers/serial/libdrivers__serial.a(uart_pl011.c.obj)
 .rodata.levels.0
                0x0000000010003da4       0x18 zephyr/kernel/libkernel.a(init.c.obj)
 .rodata.str1.1
                0x0000000010003dbc       0x30 app/libapp.a(main.c.obj)
 .rodata.table.0
                0x0000000010003dec        0x6 zephyr/drivers/clock_control/libdrivers__clock_control.a(clock_control_rpi_pico.c.obj)
 .rodata.table.1
                0x0000000010003df2        0x7 zephyr/drivers/clock_control/libdrivers__clock_control.a(clock_control_rpi_pico.c.obj)
 .rodata.table.2
                0x0000000010003df9        0x6 zephyr/drivers/clock_control/libdrivers__clock_control.a(clock_control_rpi_pico.c.obj)
 .rodata.table.3
                0x0000000010003dff        0x3 zephyr/drivers/clock_control/libdrivers__clock_control.a(clock_control_rpi_pico.c.obj)
 .rodata.table.4
                0x0000000010003e02        0xb zephyr/drivers/clock_control/libdrivers__clock_control.a(clock_control_rpi_pico.c.obj)
 .rodata.str1.1
                0x0000000010003e0d       0x1a zephyr/drivers/clock_control/libdrivers__clock_control.a(clock_control_rpi_pico.c.obj)
 .rodata.str1.1
                0x0000000010003e27        0xe zephyr/drivers/gpio/libdrivers__gpio.a(gpio_rpi_pico.c.obj)
 .rodata.str1.1
                0x0000000010003e35       0x1a zephyr/drivers/reset/libdrivers__reset.a(reset_rpi_pico.c.obj)
 .rodata.str1.1
                0x0000000010003e4f        0xe zephyr/drivers/serial/libdrivers__serial.a(uart_pl011.c.obj)
 .rodata.z_cstart.str1.1
                0x0000000010003e5d        0x5 zephyr/kernel/libkernel.a(init.c.obj)
 .rodata.boot_banner.str1.1
                0x0000000010003e62       0x3b zephyr/kernel/libkernel.a(banner.c.obj)
 .rodata.__l_vfprintf.str1.1
                0x0000000010003e9d        0xf c:\users\upill\zephyr-sdk-0.17.0\arm-zephyr-eabi\bin\../lib/gcc/../../picolibc/arm-zephyr-eabi/lib/thumb/v6-m/nofp\libc.a(libc_tinystdio_vflprintf.c.o)
 *(SORT_BY_ALIGNMENT(.gnu.linkonce.r.*))
                0x0000000010003eac                . = ALIGN (0x4)
                0x0000000010003eac                __rodata_region_end = .
                0x0000000010003eac                . = ALIGN (_region_min_align)
                0x0000000010003eac                __rom_region_end = ((__rom_region_start + .) - ADDR (rom_start))

/DISCARD/
 *(SORT_BY_ALIGNMENT(.got.plt))
 *(SORT_BY_ALIGNMENT(.igot.plt))
 *(SORT_BY_ALIGNMENT(.got))
 *(SORT_BY_ALIGNMENT(.igot))
                0x0000000020000000                . = 0x20000000
                0x0000000020000000                . = ALIGN (_region_min_align)
                0x0000000020000000                _image_ram_start = .

.ramfunc        0x0000000020000000        0x0 load address 0x0000000010003eac
                0x0000000020000000                __ramfunc_region_start = .
                0x0000000020000000                . = ALIGN (_region_min_align)
                0x0000000020000000                __ramfunc_start = .
 *(SORT_BY_ALIGNMENT(.ramfunc))
 *(SORT_BY_ALIGNMENT(.ramfunc.*))
                0x0000000020000000                . = ALIGN (_region_min_align)
                0x0000000020000000                __ramfunc_end = .
                0x0000000000000000                __ramfunc_size = (__ramfunc_end - __ramfunc_start)
                0x0000000010003eac                __ramfunc_load_start = LOADADDR (.ramfunc)

datas           0x0000000020000000       0x74 load address 0x0000000010003eac
                0x0000000020000000                __data_region_start = .
                0x0000000020000000                __data_start = .
 *(SORT_BY_ALIGNMENT(.data))
 *(SORT_BY_ALIGNMENT(.data.*))
 .data.delays   0x0000000020000000       0x10 app/libapp.a(main.c.obj)
 .data._char_out
                0x0000000020000010        0x4 zephyr/libzephyr.a(printk.c.obj)
 .data.__stdout
                0x0000000020000014       0x10 zephyr/lib/libc/picolibc/liblib__libc__picolibc.a(stdio.c.obj)
 .data.clock_control_rpi_pico_data
                0x0000000020000024        0x8 zephyr/drivers/clock_control/libdrivers__clock_control.a(clock_control_rpi_pico.c.obj)
 .data.pl011_data_port_0
                0x000000002000002c       0x1c zephyr/drivers/serial/libdrivers__serial.a(uart_pl011.c.obj)
 .data.pl011_cfg_port_0
                0x0000000020000048       0x24 zephyr/drivers/serial/libdrivers__serial.a(uart_pl011.c.obj)
 .data.timeout_list
                0x000000002000006c        0x8 zephyr/kernel/libkernel.a(timeout.c.obj)
 *(SORT_BY_ALIGNMENT(.kernel.*))
                0x0000000020000074                __data_end = .
                0x0000000000000074                __data_size = (__data_end - __data_start)
                0x0000000010003eac                __data_load_start = LOADADDR (datas)
                0x0000000010003eac                __data_region_load_start = LOADADDR (datas)

device_states   0x0000000020000074        0x8 load address 0x0000000010003f20
                0x0000000020000074                __device_states_start = .
 *(SORT_BY_ALIGNMENT(.z_devstate))
 .z_devstate    0x0000000020000074        0x2 zephyr/drivers/clock_control/libdrivers__clock_control.a(clock_control_rpi_pico.c.obj)
 .z_devstate    0x0000000020000076        0x2 zephyr/drivers/gpio/libdrivers__gpio.a(gpio_rpi_pico.c.obj)
 .z_devstate    0x0000000020000078        0x2 zephyr/drivers/reset/libdrivers__reset.a(reset_rpi_pico.c.obj)
 .z_devstate    0x000000002000007a        0x2 zephyr/drivers/serial/libdrivers__serial.a(uart_pl011.c.obj)
 *(SORT_BY_ALIGNMENT(.z_devstate.*))
                0x000000002000007c                __device_states_end = .

log_mpsc_pbuf_area
                0x000000002000007c        0x0 load address 0x0000000010003f28
                0x000000002000007c                _log_mpsc_pbuf_list_start = .
 *(SORT_BY_NAME(SORT_BY_ALIGNMENT(._log_mpsc_pbuf.static.*)))
                0x000000002000007c                _log_mpsc_pbuf_list_end = .

log_msg_ptr_area
                0x000000002000007c        0x0 load address 0x0000000010003f28
                0x000000002000007c                _log_msg_ptr_list_start = .
 *(SORT_BY_NAME(SORT_BY_ALIGNMENT(._log_msg_ptr.static.*)))
                0x000000002000007c                _log_msg_ptr_list_end = .

log_dynamic_area
                0x000000002000007c        0x0 load address 0x0000000010003f28
                0x000000002000007c                _log_dynamic_list_start = .
 *(SORT_BY_NAME(SORT_BY_ALIGNMENT(._log_dynamic.static.*)))
                0x000000002000007c                _log_dynamic_list_end = .

k_timer_area    0x000000002000007c        0x0 load address 0x0000000010003f28
                0x000000002000007c                _k_timer_list_start = .
 *(SORT_BY_NAME(SORT_BY_ALIGNMENT(._k_timer.static.*)))
                0x000000002000007c                _k_timer_list_end = .

k_mem_slab_area
                0x000000002000007c        0x0 load address 0x0000000010003f28
                0x000000002000007c                _k_mem_slab_list_start = .
 *(SORT_BY_NAME(SORT_BY_ALIGNMENT(._k_mem_slab.static.*)))
                0x000000002000007c                _k_mem_slab_list_end = .

k_heap_area     0x000000002000007c        0x0 load address 0x0000000010003f28
                0x000000002000007c                _k_heap_list_start = .
 *(SORT_BY_NAME(SORT_BY_ALIGNMENT(._k_heap.static.*)))
                0x000000002000007c                _k_heap_list_end = .

k_mutex_area    0x000000002000007c        0x0 load address 0x0000000010003f28
                0x000000002000007c                _k_mutex_list_start = .
 *(SORT_BY_NAME(SORT_BY_ALIGNMENT(._k_mutex.static.*)))
                0x000000002000007c                _k_mutex_list_end = .

k_stack_area    0x000000002000007c        0x0 load address 0x0000000010003f28
                0x000000002000007c                _k_stack_list_start = .
 *(SORT_BY_NAME(SORT_BY_ALIGNMENT(._k_stack.static.*)))
                0x000000002000007c                _k_stack_list_end = .

k_msgq_area     0x000000002000007c        0x0 load address 0x0000000010003f28
                0x000000002000007c                _k_msgq_list_start = .
 *(SORT_BY_NAME(SORT_BY_ALIGNMENT(._k_msgq.static.*)))
                0x000000002000007c                _k_msgq_list_end = .

k_mbox_area     0x000000002000007c        0x0 load address 0x0000000010003f28
                0x000000002000007c                _k_mbox_list_start = .
 *(SORT_BY_NAME(SORT_BY_ALIGNMENT(._k_mbox.static.*)))
                0x000000002000007c                _k_mbox_list_end = .

k_pipe_area     0x000000002000007c        0x0 load address 0x0000000010003f28
                0x000000002000007c                _k_pipe_list_start = .
 *(SORT_BY_NAME(SORT_BY_ALIGNMENT(._k_pipe.static.*)))
                0x000000002000007c                _k_pipe_list_end = .

k_sem_area      0x000000002000007c        0x0 load address 0x0000000010003f28
                0x000000002000007c                _k_sem_list_start = .
 *(SORT_BY_NAME(SORT_BY_ALIGNMENT(._k_sem.static.*)))
                0x000000002000007c                _k_sem_list_end = .

k_event_area    0x000000002000007c        0x0 load address 0x0000000010003f28
                0x000000002000007c                _k_event_list_start = .
 *(SORT_BY_NAME(SORT_BY_ALIGNMENT(._k_event.static.*)))
                0x000000002000007c                _k_event_list_end = .

k_queue_area    0x000000002000007c        0x0 load address 0x0000000010003f28
                0x000000002000007c                _k_queue_list_start = .
 *(SORT_BY_NAME(SORT_BY_ALIGNMENT(._k_queue.static.*)))
                0x000000002000007c                _k_queue_list_end = .

k_fifo_area     0x000000002000007c        0x0 load address 0x0000000010003f28
                0x000000002000007c                _k_fifo_list_start = .
 *(SORT_BY_NAME(SORT_BY_ALIGNMENT(._k_fifo.static.*)))
                0x000000002000007c                _k_fifo_list_end = .

k_lifo_area     0x000000002000007c        0x0 load address 0x0000000010003f28
                0x000000002000007c                _k_lifo_list_start = .
 *(SORT_BY_NAME(SORT_BY_ALIGNMENT(._k_lifo.static.*)))
                0x000000002000007c                _k_lifo_list_end = .

k_condvar_area  0x000000002000007c        0x0 load address 0x0000000010003f28
                0x000000002000007c                _k_condvar_list_start = .
 *(SORT_BY_NAME(SORT_BY_ALIGNMENT(._k_condvar.static.*)))
                0x000000002000007c                _k_condvar_list_end = .

sys_mem_blocks_ptr_area
                0x000000002000007c        0x0 load address 0x0000000010003f28
                0x000000002000007c                _sys_mem_blocks_ptr_list_start = .
 *(SORT_BY_NAME(SORT_BY_ALIGNMENT(._sys_mem_blocks_ptr.static.*)))
                0x000000002000007c                _sys_mem_blocks_ptr_list_end = .

net_buf_pool_area
                0x000000002000007c        0x0 load address 0x0000000010003f28
                0x000000002000007c                _net_buf_pool_list_start = .
 *(SORT_BY_NAME(SORT_BY_ALIGNMENT(._net_buf_pool.static.*)))
                0x000000002000007c                _net_buf_pool_list_end = .
                0x000000002000007c                __data_region_end = .

/DISCARD/
 *(SORT_BY_ALIGNMENT(.irq_info*))
 *(SORT_BY_ALIGNMENT(.intList*))

.stab
 *(SORT_BY_ALIGNMENT(.stab))

.stabstr
 *(SORT_BY_ALIGNMENT(.stabstr))

.stab.excl
 *(SORT_BY_ALIGNMENT(.stab.excl))

.stab.exclstr
 *(SORT_BY_ALIGNMENT(.stab.exclstr))

.stab.index
 *(SORT_BY_ALIGNMENT(.stab.index))

.stab.indexstr
 *(SORT_BY_ALIGNMENT(.stab.indexstr))

.gnu.build.attributes
 *(SORT_BY_ALIGNMENT(.gnu.build.attributes) SORT_BY_ALIGNMENT(.gnu.build.attributes.*))

.comment        0x0000000000000000       0x20
 *(SORT_BY_ALIGNMENT(.comment))
 .comment       0x0000000000000000       0x20 zephyr/CMakeFiles/zephyr_final.dir/isr_tables.c.obj
                                         0x21 (size before relaxing)
 .comment       0x0000000000000020       0x21 zephyr/CMakeFiles/offsets.dir/./arch/arm/core/offsets/offsets.c.obj
 .comment       0x0000000000000020       0x21 app/libapp.a(main.c.obj)
 .comment       0x0000000000000020       0x21 zephyr/libzephyr.a(heap.c.obj)
 .comment       0x0000000000000020       0x21 zephyr/libzephyr.a(printk.c.obj)
 .comment       0x0000000000000020       0x21 zephyr/libzephyr.a(thread_entry.c.obj)
 .comment       0x0000000000000020       0x21 zephyr/libzephyr.a(configs.c.obj)
 .comment       0x0000000000000020       0x21 zephyr/arch/arch/arm/core/libarch__arm__core.a(fatal.c.obj)
 .comment       0x0000000000000020       0x21 zephyr/arch/arch/arm/core/libarch__arm__core.a(nmi.c.obj)
 .comment       0x0000000000000020       0x21 zephyr/arch/arch/arm/core/libarch__arm__core.a(tls.c.obj)
 .comment       0x0000000000000020       0x21 zephyr/arch/arch/arm/core/cortex_m/libarch__arm__core__cortex_m.a(exc_exit.c.obj)
 .comment       0x0000000000000020       0x21 zephyr/arch/arch/arm/core/cortex_m/libarch__arm__core__cortex_m.a(fault.c.obj)
 .comment       0x0000000000000020       0x21 zephyr/arch/arch/arm/core/cortex_m/libarch__arm__core__cortex_m.a(thread_abort.c.obj)
 .comment       0x0000000000000020       0x21 zephyr/arch/arch/arm/core/cortex_m/libarch__arm__core__cortex_m.a(irq_manage.c.obj)
 .comment       0x0000000000000020       0x21 zephyr/arch/arch/arm/core/cortex_m/libarch__arm__core__cortex_m.a(prep_c.c.obj)
 .comment       0x0000000000000020       0x21 zephyr/arch/arch/arm/core/cortex_m/libarch__arm__core__cortex_m.a(thread.c.obj)
 .comment       0x0000000000000020       0x21 zephyr/arch/arch/arm/core/cortex_m/libarch__arm__core__cortex_m.a(cpu_idle.c.obj)